Archive member included because of file (symbol)

c:/program files (x86)/atollic/truestudio for arm pro 5.3.0/armtools/bin/../lib/gcc/arm-atollic-eabi/4.8.3/../../../../arm-atollic-eabi/lib/armv7e-m/fpu\libc.a(lib_a-init.o)
                              Application\TrueSTUDIO\startup_stm32f417xx.o (__libc_init_array)
c:/program files (x86)/atollic/truestudio for arm pro 5.3.0/armtools/bin/../lib/gcc/arm-atollic-eabi/4.8.3/../../../../arm-atollic-eabi/lib/armv7e-m/fpu\libc.a(lib_a-malloc.o)
                              Middlewares\USB_Device_Library\usbd_cdc.o (malloc)
c:/program files (x86)/atollic/truestudio for arm pro 5.3.0/armtools/bin/../lib/gcc/arm-atollic-eabi/4.8.3/../../../../arm-atollic-eabi/lib/armv7e-m/fpu\libc.a(lib_a-mallocr.o)
                              c:/program files (x86)/atollic/truestudio for arm pro 5.3.0/armtools/bin/../lib/gcc/arm-atollic-eabi/4.8.3/../../../../arm-atollic-eabi/lib/armv7e-m/fpu\libc.a(lib_a-malloc.o) (_malloc_r)
c:/program files (x86)/atollic/truestudio for arm pro 5.3.0/armtools/bin/../lib/gcc/arm-atollic-eabi/4.8.3/../../../../arm-atollic-eabi/lib/armv7e-m/fpu\libc.a(lib_a-memcmp.o)
                              Middlewares\LwIP\etharp.o (memcmp)
c:/program files (x86)/atollic/truestudio for arm pro 5.3.0/armtools/bin/../lib/gcc/arm-atollic-eabi/4.8.3/../../../../arm-atollic-eabi/lib/armv7e-m/fpu\libc.a(lib_a-memcpy-stub.o)
                              Middlewares\LwIP\tcp_out.o (memcpy)
c:/program files (x86)/atollic/truestudio for arm pro 5.3.0/armtools/bin/../lib/gcc/arm-atollic-eabi/4.8.3/../../../../arm-atollic-eabi/lib/armv7e-m/fpu\libc.a(lib_a-memset.o)
                              Middlewares\LwIP\udp.o (memset)
c:/program files (x86)/atollic/truestudio for arm pro 5.3.0/armtools/bin/../lib/gcc/arm-atollic-eabi/4.8.3/../../../../arm-atollic-eabi/lib/armv7e-m/fpu\libc.a(lib_a-mlock.o)
                              c:/program files (x86)/atollic/truestudio for arm pro 5.3.0/armtools/bin/../lib/gcc/arm-atollic-eabi/4.8.3/../../../../arm-atollic-eabi/lib/armv7e-m/fpu\libc.a(lib_a-mallocr.o) (__malloc_lock)
c:/program files (x86)/atollic/truestudio for arm pro 5.3.0/armtools/bin/../lib/gcc/arm-atollic-eabi/4.8.3/../../../../arm-atollic-eabi/lib/armv7e-m/fpu\libc.a(lib_a-sbrkr.o)
                              c:/program files (x86)/atollic/truestudio for arm pro 5.3.0/armtools/bin/../lib/gcc/arm-atollic-eabi/4.8.3/../../../../arm-atollic-eabi/lib/armv7e-m/fpu\libc.a(lib_a-mallocr.o) (_sbrk_r)
c:/program files (x86)/atollic/truestudio for arm pro 5.3.0/armtools/bin/../lib/gcc/arm-atollic-eabi/4.8.3/../../../../arm-atollic-eabi/lib/armv7e-m/fpu\libc.a(lib_a-strlen.o)
                              Middlewares\LwIP\pbuf.o (strlen)
c:/program files (x86)/atollic/truestudio for arm pro 5.3.0/armtools/bin/../lib/gcc/arm-atollic-eabi/4.8.3/../../../../arm-atollic-eabi/lib/armv7e-m/fpu\libc.a(lib_a-syscalls.o)
                              c:/program files (x86)/atollic/truestudio for arm pro 5.3.0/armtools/bin/../lib/gcc/arm-atollic-eabi/4.8.3/../../../../arm-atollic-eabi/lib/armv7e-m/fpu\libc.a(lib_a-sbrkr.o) (_sbrk)
c:/program files (x86)/atollic/truestudio for arm pro 5.3.0/armtools/bin/../lib/gcc/arm-atollic-eabi/4.8.3/../../../../arm-atollic-eabi/lib/armv7e-m/fpu\libc.a(lib_a-freer.o)
                              c:/program files (x86)/atollic/truestudio for arm pro 5.3.0/armtools/bin/../lib/gcc/arm-atollic-eabi/4.8.3/../../../../arm-atollic-eabi/lib/armv7e-m/fpu\libc.a(lib_a-malloc.o) (_free_r)
c:/program files (x86)/atollic/truestudio for arm pro 5.3.0/armtools/bin/../lib/gcc/arm-atollic-eabi/4.8.3/../../../../arm-atollic-eabi/lib/armv7e-m/fpu\libc.a(lib_a-impure.o)
                              c:/program files (x86)/atollic/truestudio for arm pro 5.3.0/armtools/bin/../lib/gcc/arm-atollic-eabi/4.8.3/../../../../arm-atollic-eabi/lib/armv7e-m/fpu\libc.a(lib_a-malloc.o) (_impure_ptr)
c:/program files (x86)/atollic/truestudio for arm pro 5.3.0/armtools/bin/../lib/gcc/arm-atollic-eabi/4.8.3/../../../../arm-atollic-eabi/lib/armv7e-m/fpu\libc.a(lib_a-reent.o)
                              c:/program files (x86)/atollic/truestudio for arm pro 5.3.0/armtools/bin/../lib/gcc/arm-atollic-eabi/4.8.3/../../../../arm-atollic-eabi/lib/armv7e-m/fpu\libc.a(lib_a-sbrkr.o) (errno)

Allocating common symbols
Common symbol       size              file

current_iphdr_src   0x4               Middlewares\LwIP\ip.o
netif_list          0x4               Middlewares\LwIP\netif.o
hUsbDevice_1        0x4               Application\User\usbd_cdc_if.o
defaultTaskHandle   0x4               Application\User\freertos.o
hi2c3               0x3c              Application\User\i2c.o
UserRxBufferHS      0x200             Application\User\usbd_cdc_if.o
hspi2               0x58              Application\User\spi.o
tcp_active_pcbs_changed
                    0x1               Middlewares\LwIP\tcp.o
tcp_active_pcbs     0x4               Middlewares\LwIP\tcp.o
[...]
Memory Configuration

Name             Origin             Length             Attributes
FLASH            0x08000000         0x00100000         xr
RAM              0x20000000         0x00020000         xrw
CCMRAM           0x10000000         0x00010000         rw
*default*        0x00000000         0xffffffff

Linker script and memory map

LOAD c:/program files (x86)/atollic/truestudio for arm pro 5.3.0/armtools/bin/../lib/gcc/arm-atollic-eabi/4.8.3/armv7e-m/fpu/crti.o
LOAD c:/program files (x86)/atollic/truestudio for arm pro 5.3.0/armtools/bin/../lib/gcc/arm-atollic-eabi/4.8.3/armv7e-m/fpu/crtbegin.o
LOAD Middlewares\USB_Device_Library\usbd_ioreq.o
LOAD Middlewares\USB_Device_Library\usbd_ctlreq.o
LOAD Middlewares\USB_Device_Library\usbd_core.o
LOAD Middlewares\USB_Device_Library\usbd_cdc.o
LOAD Middlewares\LwIP\vj.o
LOAD Middlewares\LwIP\udp.o
LOAD Middlewares\LwIP\tcpip.o
LOAD Middlewares\LwIP\tcp_out.o
LOAD Middlewares\LwIP\tcp_in.o
LOAD Middlewares\LwIP\tcp.o
LOAD Middlewares\LwIP\sys_arch.o
LOAD Middlewares\LwIP\sys.o
LOAD Middlewares\LwIP\stats.o
LOAD Middlewares\LwIP\sockets.o
LOAD Middlewares\LwIP\slipif.o
LOAD Middlewares\LwIP\raw.o
LOAD Middlewares\LwIP\randm.o
LOAD Middlewares\LwIP\ppp_oe.o
LOAD Middlewares\LwIP\ppp.o
LOAD Middlewares\LwIP\pbuf.o
LOAD Middlewares\LwIP\pap.o
LOAD Middlewares\LwIP\netifapi.o
LOAD Middlewares\LwIP\netif.o
LOAD Middlewares\LwIP\netdb.o
LOAD Middlewares\LwIP\netbuf.o
LOAD Middlewares\LwIP\msg_out.o
LOAD Middlewares\LwIP\msg_in.o
LOAD Middlewares\LwIP\mib_structs.o
LOAD Middlewares\LwIP\mib2.o
LOAD Middlewares\LwIP\memp.o
LOAD Middlewares\LwIP\mem.o
LOAD Middlewares\LwIP\md5.o
LOAD Middlewares\LwIP\magic.o
LOAD Middlewares\LwIP\lwip_timers.o
LOAD Middlewares\LwIP\lcp.o
LOAD Middlewares\LwIP\ipcp.o
LOAD Middlewares\LwIP\ip_frag.o
LOAD Middlewares\LwIP\ip_addr.o
LOAD Middlewares\LwIP\ip.o
LOAD Middlewares\LwIP\init.o
LOAD Middlewares\LwIP\inet_chksum.o
LOAD Middlewares\LwIP\inet.o
LOAD Middlewares\LwIP\igmp.o
LOAD Middlewares\LwIP\icmp.o
LOAD Middlewares\LwIP\fsm.o
LOAD Middlewares\LwIP\etharp.o
LOAD Middlewares\LwIP\err.o
LOAD Middlewares\LwIP\dns.o
LOAD Middlewares\LwIP\dhcp.o
LOAD Middlewares\LwIP\def.o
LOAD Middlewares\LwIP\chpms.o
LOAD Middlewares\LwIP\chap.o
LOAD Middlewares\LwIP\autoip.o
LOAD Middlewares\LwIP\auth.o
LOAD Middlewares\LwIP\asn1_enc.o
LOAD Middlewares\LwIP\asn1_dec.o
LOAD Middlewares\LwIP\api_msg.o
LOAD Middlewares\LwIP\api_lib.o
LOAD Middlewares\FreeRTOS\timers.o
LOAD Middlewares\FreeRTOS\tasks.o
LOAD Middlewares\FreeRTOS\queue.o
LOAD Middlewares\FreeRTOS\port.o
LOAD Middlewares\FreeRTOS\list.o
LOAD Middlewares\FreeRTOS\heap_4.o
LOAD Middlewares\FreeRTOS\event_groups.o
LOAD Middlewares\FreeRTOS\croutine.o
LOAD Middlewares\FreeRTOS\cmsis_os.o
LOAD Drivers\STM32F4xx_HAL_Driver\stm32f4xx_ll_usb.o
LOAD Drivers\STM32F4xx_HAL_Driver\stm32f4xx_hal_tim_ex.o
LOAD Drivers\STM32F4xx_HAL_Driver\stm32f4xx_hal_tim.o
LOAD Drivers\STM32F4xx_HAL_Driver\stm32f4xx_hal_spi.o
LOAD Drivers\STM32F4xx_HAL_Driver\stm32f4xx_hal_rtc_ex.o
LOAD Drivers\STM32F4xx_HAL_Driver\stm32f4xx_hal_rtc.o
LOAD Drivers\STM32F4xx_HAL_Driver\stm32f4xx_hal_rcc_ex.o
LOAD Drivers\STM32F4xx_HAL_Driver\stm32f4xx_hal_rcc.o
LOAD Drivers\STM32F4xx_HAL_Driver\stm32f4xx_hal_pwr_ex.o
LOAD Drivers\STM32F4xx_HAL_Driver\stm32f4xx_hal_pwr.o
LOAD Drivers\STM32F4xx_HAL_Driver\stm32f4xx_hal_pcd_ex.o
LOAD Drivers\STM32F4xx_HAL_Driver\stm32f4xx_hal_pcd.o
LOAD Drivers\STM32F4xx_HAL_Driver\stm32f4xx_hal_i2c_ex.o
LOAD Drivers\STM32F4xx_HAL_Driver\stm32f4xx_hal_i2c.o
LOAD Drivers\STM32F4xx_HAL_Driver\stm32f4xx_hal_gpio.o
LOAD Drivers\STM32F4xx_HAL_Driver\stm32f4xx_hal_flash_ramfunc.o
LOAD Drivers\STM32F4xx_HAL_Driver\stm32f4xx_hal_flash_ex.o
LOAD Drivers\STM32F4xx_HAL_Driver\stm32f4xx_hal_flash.o
LOAD Drivers\STM32F4xx_HAL_Driver\stm32f4xx_hal_eth.o
LOAD Drivers\STM32F4xx_HAL_Driver\stm32f4xx_hal_dma_ex.o
LOAD Drivers\STM32F4xx_HAL_Driver\stm32f4xx_hal_dma.o
LOAD Drivers\STM32F4xx_HAL_Driver\stm32f4xx_hal_crc.o
LOAD Drivers\STM32F4xx_HAL_Driver\stm32f4xx_hal_cortex.o
LOAD Drivers\STM32F4xx_HAL_Driver\stm32f4xx_hal_adc_ex.o
LOAD Drivers\STM32F4xx_HAL_Driver\stm32f4xx_hal_adc.o
LOAD Drivers\STM32F4xx_HAL_Driver\stm32f4xx_hal.o
LOAD Drivers\CMSIS\system_stm32f4xx.o
LOAD Application\User\usbd_desc.o
LOAD Application\User\usbd_conf.o
LOAD Application\User\usbd_cdc_if.o
LOAD Application\User\usb_device.o
LOAD Application\User\tim.o
LOAD Application\User\stm32f4xx_it.o
LOAD Application\User\stm32f4xx_hal_msp.o
LOAD Application\User\spi.o
LOAD Application\User\rtc.o
LOAD Application\User\main.o
LOAD Application\User\lwip.o
LOAD Application\User\i2c.o
LOAD Application\User\gpio.o
LOAD Application\User\freertos.o
LOAD Application\User\ethernetif.o
LOAD Application\User\crc.o
LOAD Application\User\adc.o
LOAD Application\TrueSTUDIO\startup_stm32f417xx.o
START GROUP
LOAD c:/program files (x86)/atollic/truestudio for arm pro 5.3.0/armtools/bin/../lib/gcc/arm-atollic-eabi/4.8.3/../../../../arm-atollic-eabi/lib/armv7e-m/fpu\libc.a
LOAD c:/program files (x86)/atollic/truestudio for arm pro 5.3.0/armtools/bin/../lib/gcc/arm-atollic-eabi/4.8.3/../../../../arm-atollic-eabi/lib/armv7e-m/fpu\libm.a
END GROUP
                0x00001000                malloc_getpagesize_P = 0x1000
START GROUP
LOAD c:/program files (x86)/atollic/truestudio for arm pro 5.3.0/armtools/bin/../lib/gcc/arm-atollic-eabi/4.8.3/armv7e-m/fpu\libgcc.a
LOAD c:/program files (x86)/atollic/truestudio for arm pro 5.3.0/armtools/bin/../lib/gcc/arm-atollic-eabi/4.8.3/../../../../arm-atollic-eabi/lib/armv7e-m/fpu\libc.a
END GROUP
LOAD c:/program files (x86)/atollic/truestudio for arm pro 5.3.0/armtools/bin/../lib/gcc/arm-atollic-eabi/4.8.3/armv7e-m/fpu/crtend.o
LOAD c:/program files (x86)/atollic/truestudio for arm pro 5.3.0/armtools/bin/../lib/gcc/arm-atollic-eabi/4.8.3/armv7e-m/fpu/crtn.o
                0x2001ffff                _estack = 0x2001ffff
                0x00000000                _Min_Heap_Size = 0x0
                0x00000400                _Min_Stack_Size = 0x400

.isr_vector     0x08000000      0x188
                0x08000000                . = ALIGN (0x4)
 *(.isr_vector)
 .isr_vector    0x08000000      0x188 Application\TrueSTUDIO\startup_stm32f417xx.o
                0x08000000                g_pfnVectors
                0x08000188                . = ALIGN (0x4)

.text           0x08000188     0xb8fc
                0x08000188                . = ALIGN (0x4)
 *(.text)
 .text          0x08000188       0x40 c:/program files (x86)/atollic/truestudio for arm pro 5.3.0/armtools/bin/../lib/gcc/arm-atollic-eabi/4.8.3/armv7e-m/fpu/crtbegin.o
 *(.text*)
 .text.USBD_CtlSendData
                0x080001c8       0x1c Middlewares\USB_Device_Library\usbd_ioreq.o
                0x080001c8                USBD_CtlSendData
 .text.USBD_CtlContinueSendData
                0x080001e4       0x12 Middlewares\USB_Device_Library\usbd_ioreq.o
                0x080001e4                USBD_CtlContinueSendData
 .text.USBD_CtlPrepareRx
                0x080001f6       0x20 Middlewares\USB_Device_Library\usbd_ioreq.o
                0x080001f6                USBD_CtlPrepareRx
 .text.USBD_CtlContinueRx
                0x08000216       0x12 Middlewares\USB_Device_Library\usbd_ioreq.o
                0x08000216                USBD_CtlContinueRx
 .text.USBD_CtlSendStatus
                0x08000228       0x16 Middlewares\USB_Device_Library\usbd_ioreq.o
                0x08000228                USBD_CtlSendStatus
 .text.USBD_CtlReceiveStatus
                0x0800023e       0x16 Middlewares\USB_Device_Library\usbd_ioreq.o
                0x0800023e                USBD_CtlReceiveStatus
 .text.USBD_ParseSetupRequest
                0x08000254       0x28 Middlewares\USB_Device_Library\usbd_ctlreq.o
                0x08000254                USBD_ParseSetupRequest
 .text.USBD_CtlError
                0x0800027c       0x16 Middlewares\USB_Device_Library\usbd_ctlreq.o
                0x0800027c                USBD_CtlError
 *fill*         0x08000292        0x2 
 .text.USBD_StdDevReq
                0x08000294      0x224 Middlewares\USB_Device_Library\usbd_ctlreq.o
                0x08000294                USBD_StdDevReq
 .text.USBD_StdItfReq
                0x080004b8       0x30 Middlewares\USB_Device_Library\usbd_ctlreq.o
                0x080004b8                USBD_StdItfReq
 .text.USBD_StdEPReq
                0x080004e8       0xc8 Middlewares\USB_Device_Library\usbd_ctlreq.o
                0x080004e8                USBD_StdEPReq
 .text.USBD_GetString
                0x080005b0       0x3c Middlewares\USB_Device_Library\usbd_ctlreq.o
                0x080005b0                USBD_GetString
 .text.USBD_Init
                0x080005ec       0x2a Middlewares\USB_Device_Library\usbd_core.o
                0x080005ec                USBD_Init
 .text.USBD_RegisterClass
                0x08000616        0xe Middlewares\USB_Device_Library\usbd_core.o
                0x08000616                USBD_RegisterClass
 .text.USBD_Start
                0x08000624        0xa Middlewares\USB_Device_Library\usbd_core.o
                0x08000624                USBD_Start
 .text.USBD_SetClassConfig
                0x0800062e       0x16 Middlewares\USB_Device_Library\usbd_core.o
                0x0800062e                USBD_SetClassConfig
 .text.USBD_ClrClassConfig
                0x08000644        0xe Middlewares\USB_Device_Library\usbd_core.o
                0x08000644                USBD_ClrClassConfig
 .text.USBD_LL_SetupStage
                0x08000652       0x5a Middlewares\USB_Device_Library\usbd_core.o
                0x08000652                USBD_LL_SetupStage
 .text.USBD_LL_DataOutStage
                0x080006ac       0x60 Middlewares\USB_Device_Library\usbd_core.o
                0x080006ac                USBD_LL_DataOutStage
 .text.USBD_LL_DataInStage
                0x0800070c       0x9c Middlewares\USB_Device_Library\usbd_core.o
                0x0800070c                USBD_LL_DataInStage
 .text.USBD_LL_Reset
                0x080007a8       0x3e Middlewares\USB_Device_Library\usbd_core.o
                0x080007a8                USBD_LL_Reset
 .text.USBD_LL_SetSpeed
                0x080007e6        0x6 Middlewares\USB_Device_Library\usbd_core.o
                0x080007e6                USBD_LL_SetSpeed
 .text.USBD_LL_Suspend
                0x080007ec       0x12 Middlewares\USB_Device_Library\usbd_core.o
                0x080007ec                USBD_LL_Suspend
 .text.USBD_LL_Resume
                0x080007fe        0xc Middlewares\USB_Device_Library\usbd_core.o
                0x080007fe                USBD_LL_Resume
 .text.USBD_LL_SOF
                0x0800080a       0x18 Middlewares\USB_Device_Library\usbd_core.o
                0x0800080a                USBD_LL_SOF
 .text.USBD_LL_IsoINIncomplete
                0x08000822        0x4 Middlewares\USB_Device_Library\usbd_core.o
                0x08000822                USBD_LL_IsoINIncomplete
 .text.USBD_LL_IsoOUTIncomplete
                0x08000826        0x4 Middlewares\USB_Device_Library\usbd_core.o
                0x08000826                USBD_LL_IsoOUTIncomplete
 .text.USBD_LL_DevConnected
                0x0800082a        0x4 Middlewares\USB_Device_Library\usbd_core.o
                0x0800082a                USBD_LL_DevConnected
 .text.USBD_LL_DevDisconnected
                0x0800082e       0x16 Middlewares\USB_Device_Library\usbd_core.o
                0x0800082e                USBD_LL_DevDisconnected
 .text.USBD_CDC_DataIn
                0x08000844       0x12 Middlewares\USB_Device_Library\usbd_cdc.o
 .text.USBD_CDC_EP0_RxReady
                0x08000856       0x28 Middlewares\USB_Device_Library\usbd_cdc.o
 *fill*         0x0800087e        0x2 
 .text.USBD_CDC_GetFSCfgDesc
                0x08000880        0xc Middlewares\USB_Device_Library\usbd_cdc.o
 .text.USBD_CDC_GetHSCfgDesc
                0x0800088c        0xc Middlewares\USB_Device_Library\usbd_cdc.o
 .text.USBD_CDC_GetOtherSpeedCfgDesc
                0x08000898        0xc Middlewares\USB_Device_Library\usbd_cdc.o
 .text.USBD_CDC_GetDeviceQualifierDescriptor
                0x080008a4        0xc Middlewares\USB_Device_Library\usbd_cdc.o
                0x080008a4                USBD_CDC_GetDeviceQualifierDescriptor
 .text.USBD_CDC_DataOut
                0x080008b0       0x2e Middlewares\USB_Device_Library\usbd_cdc.o
 *fill*         0x080008de        0x2 
 .text.USBD_CDC_Setup
                0x080008e0       0x6c Middlewares\USB_Device_Library\usbd_cdc.o
 .text.USBD_CDC_DeInit
                0x0800094c       0x3a Middlewares\USB_Device_Library\usbd_cdc.o
 .text.USBD_CDC_Init
                0x08000986       0x86 Middlewares\USB_Device_Library\usbd_cdc.o
 .text.USBD_CDC_RegisterInterface
                0x08000a0c        0xe Middlewares\USB_Device_Library\usbd_cdc.o
                0x08000a0c                USBD_CDC_RegisterInterface
 .text.USBD_CDC_SetTxBuffer
                0x08000a1a       0x10 Middlewares\USB_Device_Library\usbd_cdc.o
                0x08000a1a                USBD_CDC_SetTxBuffer
 .text.USBD_CDC_SetRxBuffer
                0x08000a2a        0xc Middlewares\USB_Device_Library\usbd_cdc.o
                0x08000a2a                USBD_CDC_SetRxBuffer
 .text.udp_init
                0x08000a36        0x2 Middlewares\LwIP\udp.o
                0x08000a36                udp_init
 .text.udp_input
                0x08000a38      0x1a8 Middlewares\LwIP\udp.o
                0x08000a38                udp_input
 .text.udp_bind
                0x08000be0       0x94 Middlewares\LwIP\udp.o
                0x08000be0                udp_bind
 .text.udp_sendto_if
                0x08000c74       0xd0 Middlewares\LwIP\udp.o
                0x08000c74                udp_sendto_if
 .text.udp_connect
                0x08000d44       0x4c Middlewares\LwIP\udp.o
                0x08000d44                udp_connect
 .text.udp_recv
                0x08000d90        0x6 Middlewares\LwIP\udp.o
                0x08000d90                udp_recv
 *fill*         0x08000d96        0x2 
 .text.udp_remove
                0x08000d98       0x2c Middlewares\LwIP\udp.o
                0x08000d98                udp_remove
 .text.udp_new  0x08000dc4       0x1c Middlewares\LwIP\udp.o
                0x08000dc4                udp_new
 .text.tcpip_thread
                0x08000de0       0x88 Middlewares\LwIP\tcpip.o
 .text.tcpip_input
                0x08000e68       0x44 Middlewares\LwIP\tcpip.o
                0x08000e68                tcpip_input
 .text.tcpip_callback_with_block
                0x08000eac       0x50 Middlewares\LwIP\tcpip.o
                0x08000eac                tcpip_callback_with_block
 .text.tcpip_init
                0x08000efc       0x44 Middlewares\LwIP\tcpip.o
                0x08000efc                tcpip_init
 .text.tcp_create_segment
                0x08000f40       0xc0 Middlewares\LwIP\tcp_out.o
 .text.tcp_output_alloc_header.constprop.0
                0x08001000       0x5a Middlewares\LwIP\tcp_out.o
 *fill*         0x0800105a        0x2 
 .text.tcp_enqueue_flags
                0x0800105c       0xb8 Middlewares\LwIP\tcp_out.o
                0x0800105c                tcp_enqueue_flags
 .text.tcp_send_fin
                0x08001114       0x44 Middlewares\LwIP\tcp_out.o
                0x08001114                tcp_send_fin
 .text.tcp_send_empty_ack
                0x08001158       0x44 Middlewares\LwIP\tcp_out.o
                0x08001158                tcp_send_empty_ack
 .text.tcp_output
                0x0800119c      0x274 Middlewares\LwIP\tcp_out.o
                0x0800119c                tcp_output
 .text.tcp_rst  0x08001410       0x98 Middlewares\LwIP\tcp_out.o
                0x08001410                tcp_rst
 .text.tcp_rexmit_rto
                0x080014a8       0x2e Middlewares\LwIP\tcp_out.o
                0x080014a8                tcp_rexmit_rto
 .text.tcp_rexmit
                0x080014d6       0x50 Middlewares\LwIP\tcp_out.o
                0x080014d6                tcp_rexmit
 .text.tcp_rexmit_fast
                0x08001526       0x50 Middlewares\LwIP\tcp_out.o
                0x08001526                tcp_rexmit_fast
 *fill*         0x08001576        0x2 
 .text.tcp_keepalive
                0x08001578       0x4c Middlewares\LwIP\tcp_out.o
                0x08001578                tcp_keepalive
 .text.tcp_zero_window_probe
                0x080015c4       0xac Middlewares\LwIP\tcp_out.o
                0x080015c4                tcp_zero_window_probe
 .text.tcp_oos_insert_segment
                0x08001670       0x78 Middlewares\LwIP\tcp_in.o
 .text.tcp_receive
                0x080016e8      0x794 Middlewares\LwIP\tcp_in.o
 .text.tcp_parseopt.isra.0
                0x08001e7c       0x7c Middlewares\LwIP\tcp_in.o
 .text.tcp_input
                0x08001ef8      0x85c Middlewares\LwIP\tcp_in.o
                0x08001ef8                tcp_input
 .text.tcp_init
                0x08002754        0x2 Middlewares\LwIP\tcp.o
                0x08002754                tcp_init
 .text.tcp_update_rcv_ann_wnd
                0x08002756       0x3a Middlewares\LwIP\tcp.o
                0x08002756                tcp_update_rcv_ann_wnd
 .text.tcp_recved
                0x08002790       0x38 Middlewares\LwIP\tcp.o
                0x08002790                tcp_recved
 .text.tcp_seg_free
                0x080027c8       0x1c Middlewares\LwIP\tcp.o
                0x080027c8                tcp_seg_free
 .text.tcp_segs_free
                0x080027e4       0x10 Middlewares\LwIP\tcp.o
                0x080027e4                tcp_segs_free
 .text.tcp_seg_copy
                0x080027f4       0x2c Middlewares\LwIP\tcp.o
                0x080027f4                tcp_seg_copy
 .text.tcp_pcb_purge
                0x08002820       0x40 Middlewares\LwIP\tcp.o
                0x08002820                tcp_pcb_purge
 .text.tcp_slowtmr
                0x08002860      0x2b0 Middlewares\LwIP\tcp.o
                0x08002860                tcp_slowtmr
 .text.tcp_pcb_remove
                0x08002b10       0x5c Middlewares\LwIP\tcp.o
                0x08002b10                tcp_pcb_remove
 .text.tcp_close_shutdown
                0x08002b6c      0x124 Middlewares\LwIP\tcp.o
 .text.tcp_close
                0x08002c90       0x14 Middlewares\LwIP\tcp.o
                0x08002c90                tcp_close
 .text.tcp_recv_null
                0x08002ca4       0x24 Middlewares\LwIP\tcp.o
                0x08002ca4                tcp_recv_null
 .text.tcp_process_refused_data
                0x08002cc8       0x60 Middlewares\LwIP\tcp.o
                0x08002cc8                tcp_process_refused_data
 .text.tcp_fasttmr
                0x08002d28       0x68 Middlewares\LwIP\tcp.o
                0x08002d28                tcp_fasttmr
 .text.tcp_tmr  0x08002d90       0x24 Middlewares\LwIP\tcp.o
                0x08002d90                tcp_tmr
 .text.tcp_abandon
                0x08002db4       0x94 Middlewares\LwIP\tcp.o
                0x08002db4                tcp_abandon
 .text.tcp_abort
                0x08002e48        0x6 Middlewares\LwIP\tcp.o
                0x08002e48                tcp_abort
 *fill*         0x08002e4e        0x2 
 .text.tcp_next_iss
                0x08002e50       0x18 Middlewares\LwIP\tcp.o
                0x08002e50                tcp_next_iss
 .text.tcp_alloc
                0x08002e68      0x128 Middlewares\LwIP\tcp.o
                0x08002e68                tcp_alloc
 .text.tcp_eff_send_mss
                0x08002f90       0x1e Middlewares\LwIP\tcp.o
                0x08002f90                tcp_eff_send_mss
 *fill*         0x08002fae        0x2 
 .text.sys_mbox_new
                0x08002fb0       0x3c Middlewares\LwIP\sys_arch.o
                0x08002fb0                sys_mbox_new
 .text.sys_mbox_post
                0x08002fec       0x1c Middlewares\LwIP\sys_arch.o
                0x08002fec                sys_mbox_post
 .text.sys_mbox_trypost
                0x08003008       0x38 Middlewares\LwIP\sys_arch.o
                0x08003008                sys_mbox_trypost
 .text.sys_arch_mbox_fetch
                0x08003040       0x4a Middlewares\LwIP\sys_arch.o
                0x08003040                sys_arch_mbox_fetch
 .text.sys_mbox_valid
                0x0800308a        0xa Middlewares\LwIP\sys_arch.o
                0x0800308a                sys_mbox_valid
 .text.sys_arch_sem_wait
                0x08003094       0x40 Middlewares\LwIP\sys_arch.o
                0x08003094                sys_arch_sem_wait
 .text.sys_init
                0x080030d4        0xc Middlewares\LwIP\sys_arch.o
                0x080030d4                sys_init
 .text.sys_mutex_new
                0x080030e0       0x40 Middlewares\LwIP\sys_arch.o
                0x080030e0                sys_mutex_new
 .text.sys_mutex_lock
                0x08003120        0x6 Middlewares\LwIP\sys_arch.o
                0x08003120                sys_mutex_lock
 .text.sys_mutex_unlock
                0x08003126        0xc Middlewares\LwIP\sys_arch.o
                0x08003126                sys_mutex_unlock
 *fill*         0x08003132        0x2 
 .text.sys_thread_new
                0x08003134       0x3c Middlewares\LwIP\sys_arch.o
                0x08003134                sys_thread_new
 .text.stats_init
                0x08003170        0x2 Middlewares\LwIP\stats.o
                0x08003170                stats_init
 .text.lwip_socket_init
                0x08003172        0x2 Middlewares\LwIP\sockets.o
                0x08003172                lwip_socket_init
 .text.raw_input
                0x08003174       0x78 Middlewares\LwIP\raw.o
                0x08003174                raw_input
 .text.pbuf_free_ooseq_callback
                0x080031ec       0x2c Middlewares\LwIP\pbuf.o
 .text.pbuf_pool_is_empty
                0x08003218       0x28 Middlewares\LwIP\pbuf.o
 .text.pbuf_alloced_custom
                0x08003240       0x50 Middlewares\LwIP\pbuf.o
                0x08003240                pbuf_alloced_custom
 .text.pbuf_header
                0x08003290       0x58 Middlewares\LwIP\pbuf.o
                0x08003290                pbuf_header
 .text.pbuf_free
                0x080032e8       0x4e Middlewares\LwIP\pbuf.o
                0x080032e8                pbuf_free
 .text.pbuf_alloc
                0x08003336      0x108 Middlewares\LwIP\pbuf.o
                0x08003336                pbuf_alloc
 .text.pbuf_realloc
                0x0800343e       0x4c Middlewares\LwIP\pbuf.o
                0x0800343e                pbuf_realloc
 .text.pbuf_clen
                0x0800348a       0x10 Middlewares\LwIP\pbuf.o
                0x0800348a                pbuf_clen
 .text.pbuf_ref
                0x0800349a        0xa Middlewares\LwIP\pbuf.o
                0x0800349a                pbuf_ref
 .text.pbuf_cat
                0x080034a4       0x22 Middlewares\LwIP\pbuf.o
                0x080034a4                pbuf_cat
 .text.pbuf_chain
                0x080034c6       0x12 Middlewares\LwIP\pbuf.o
                0x080034c6                pbuf_chain
 .text.pbuf_copy
                0x080034d8       0x94 Middlewares\LwIP\pbuf.o
                0x080034d8                pbuf_copy
 .text.pbuf_copy_partial
                0x0800356c       0x62 Middlewares\LwIP\pbuf.o
                0x0800356c                pbuf_copy_partial
 .text.netif_init
                0x080035ce        0x2 Middlewares\LwIP\netif.o
                0x080035ce                netif_init
 .text.netif_set_ipaddr
                0x080035d0       0x50 Middlewares\LwIP\netif.o
                0x080035d0                netif_set_ipaddr
 .text.netif_set_addr
                0x08003620       0x1a Middlewares\LwIP\netif.o
                0x08003620                netif_set_addr
 *fill*         0x0800363a        0x2 
 .text.netif_add
                0x0800363c       0x50 Middlewares\LwIP\netif.o
                0x0800363c                netif_add
 .text.netif_set_gw
                0x0800368c        0x8 Middlewares\LwIP\netif.o
                0x0800368c                netif_set_gw
 .text.netif_set_netmask
                0x08003694        0x8 Middlewares\LwIP\netif.o
                0x08003694                netif_set_netmask
 .text.netif_set_default
                0x0800369c        0xc Middlewares\LwIP\netif.o
                0x0800369c                netif_set_default
 .text.netif_set_up
                0x080036a8       0x20 Middlewares\LwIP\netif.o
                0x080036a8                netif_set_up
 .text.netif_set_down
                0x080036c8       0x1a Middlewares\LwIP\netif.o
                0x080036c8                netif_set_down
 *fill*         0x080036e2        0x2 
 .text.memp_init
                0x080036e4       0x70 Middlewares\LwIP\memp.o
                0x080036e4                memp_init
 .text.memp_malloc
                0x08003754       0x50 Middlewares\LwIP\memp.o
                0x08003754                memp_malloc
 .text.memp_free
                0x080037a4       0x2c Middlewares\LwIP\memp.o
                0x080037a4                memp_free
 .text.mem_init
                0x080037d0       0x54 Middlewares\LwIP\mem.o
                0x080037d0                mem_init
 .text.mem_free
                0x08003824       0xd0 Middlewares\LwIP\mem.o
                0x08003824                mem_free
 .text.mem_trim
                0x080038f4       0xfc Middlewares\LwIP\mem.o
                0x080038f4                mem_trim
 .text.mem_malloc
                0x080039f0      0x128 Middlewares\LwIP\mem.o
                0x080039f0                mem_malloc
 .text.sys_timeout
                0x08003b18       0x58 Middlewares\LwIP\lwip_timers.o
                0x08003b18                sys_timeout
 .text.tcp_timer_needed
                0x08003b70       0x34 Middlewares\LwIP\lwip_timers.o
                0x08003b70                tcp_timer_needed
 .text.tcpip_tcp_timer
                0x08003ba4       0x38 Middlewares\LwIP\lwip_timers.o
 .text.sys_timeouts_init
                0x08003bdc       0x48 Middlewares\LwIP\lwip_timers.o
                0x08003bdc                sys_timeouts_init
 .text.dhcp_timer_fine
                0x08003c24       0x1c Middlewares\LwIP\lwip_timers.o
 .text.dhcp_timer_coarse
                0x08003c40       0x1c Middlewares\LwIP\lwip_timers.o
 .text.arp_timer
                0x08003c5c       0x1c Middlewares\LwIP\lwip_timers.o
 .text.ip_reass_timer
                0x08003c78       0x1c Middlewares\LwIP\lwip_timers.o
 .text.sys_untimeout
                0x08003c94       0x4c Middlewares\LwIP\lwip_timers.o
                0x08003c94                sys_untimeout
 .text.sys_timeouts_mbox_fetch
                0x08003ce0       0x58 Middlewares\LwIP\lwip_timers.o
                0x08003ce0                sys_timeouts_mbox_fetch
 .text.ipfrag_free_pbuf_custom
                0x08003d38       0x18 Middlewares\LwIP\ip_frag.o
 .text.ip_reass_free_complete_datagram
                0x08003d50       0x94 Middlewares\LwIP\ip_frag.o
 .text.ip_reass_remove_oldest_datagram
                0x08003de4       0x6c Middlewares\LwIP\ip_frag.o
 .text.ip_reass_tmr
                0x08003e50       0x28 Middlewares\LwIP\ip_frag.o
                0x08003e50                ip_reass_tmr
 .text.ip_reass
                0x08003e78      0x2e0 Middlewares\LwIP\ip_frag.o
                0x08003e78                ip_reass
 .text.ip_frag  0x08004158      0x1a0 Middlewares\LwIP\ip_frag.o
                0x08004158                ip_frag
 .text.ip4_addr_isbroadcast
                0x080042f8       0x3a Middlewares\LwIP\ip_addr.o
                0x080042f8                ip4_addr_isbroadcast
 *fill*         0x08004332        0x2 
 .text.ip_route
                0x08004334       0x4c Middlewares\LwIP\ip.o
                0x08004334                ip_route
 .text.ip_input
                0x08004380      0x1d8 Middlewares\LwIP\ip.o
                0x08004380                ip_input
 .text.ip_output_if
                0x08004558       0xcc Middlewares\LwIP\ip.o
                0x08004558                ip_output_if
 .text.ip_output
                0x08004624       0x48 Middlewares\LwIP\ip.o
                0x08004624                ip_output
 .text.lwip_init
                0x0800466c       0x2a Middlewares\LwIP\init.o
                0x0800466c                lwip_init
 .text.lwip_standard_chksum
                0x08004696       0x58 Middlewares\LwIP\inet_chksum.o
 .text.inet_chksum
                0x080046ee        0xc Middlewares\LwIP\inet_chksum.o
                0x080046ee                inet_chksum
 .text.inet_chksum_pbuf
                0x080046fa       0x46 Middlewares\LwIP\inet_chksum.o
                0x080046fa                inet_chksum_pbuf
 .text.icmp_send_response.isra.0
                0x08004740       0x8c Middlewares\LwIP\icmp.o
 .text.icmp_input
                0x080047cc      0x194 Middlewares\LwIP\icmp.o
                0x080047cc                icmp_input
 .text.icmp_dest_unreach
                0x08004960        0xa Middlewares\LwIP\icmp.o
                0x08004960                icmp_dest_unreach
 .text.icmp_time_exceeded
                0x0800496a        0xa Middlewares\LwIP\icmp.o
                0x0800496a                icmp_time_exceeded
 .text.etharp_free_entry
                0x08004974       0x28 Middlewares\LwIP\etharp.o
 .text.etharp_find_entry
                0x0800499c       0xd4 Middlewares\LwIP\etharp.o
 .text.etharp_send_ip
                0x08004a70       0x24 Middlewares\LwIP\etharp.o
 .text.etharp_tmr
                0x08004a94       0x40 Middlewares\LwIP\etharp.o
                0x08004a94                etharp_tmr
 .text.etharp_cleanup_netif
                0x08004ad4       0x28 Middlewares\LwIP\etharp.o
                0x08004ad4                etharp_cleanup_netif
 .text.etharp_request
                0x08004afc       0xb8 Middlewares\LwIP\etharp.o
                0x08004afc                etharp_request
 .text.etharp_output_to_arp_index
                0x08004bb4       0x4c Middlewares\LwIP\etharp.o
 .text.etharp_query
                0x08004c00      0x10c Middlewares\LwIP\etharp.o
                0x08004c00                etharp_query
 .text.etharp_output
                0x08004d0c      0x108 Middlewares\LwIP\etharp.o
                0x08004d0c                etharp_output
 .text.ethernet_input
                0x08004e14      0x1f0 Middlewares\LwIP\etharp.o
                0x08004e14                ethernet_input
 .text.dhcp_set_state
                0x08005004       0x10 Middlewares\LwIP\dhcp.o
 .text.dhcp_option
                0x08005014       0x20 Middlewares\LwIP\dhcp.o
 .text.dhcp_option_byte
                0x08005034       0x12 Middlewares\LwIP\dhcp.o
 .text.dhcp_option_short
                0x08005046       0x22 Middlewares\LwIP\dhcp.o
 .text.dhcp_option_long
                0x08005068       0x46 Middlewares\LwIP\dhcp.o
 .text.dhcp_option_trailer
                0x080050ae       0x26 Middlewares\LwIP\dhcp.o
 .text.dhcp_create_msg
                0x080050d4      0x140 Middlewares\LwIP\dhcp.o
 .text.dhcp_delete_msg
                0x08005214       0x16 Middlewares\LwIP\dhcp.o
 *fill*         0x0800522a        0x2 
 .text.dhcp_rebind
                0x0800522c       0x8c Middlewares\LwIP\dhcp.o
 .text.dhcp_discover
                0x080052b8       0xb8 Middlewares\LwIP\dhcp.o
 .text.dhcp_select
                0x08005370       0xe4 Middlewares\LwIP\dhcp.o
 .text.dhcp_reboot
                0x08005454       0xa4 Middlewares\LwIP\dhcp.o
 .text.dhcp_check
                0x080054f8       0x26 Middlewares\LwIP\dhcp.o
 .text.dhcp_bind
                0x0800551e       0xbc Middlewares\LwIP\dhcp.o
 *fill*         0x080055da        0x2 
 .text.dhcp_recv
                0x080055dc      0x39c Middlewares\LwIP\dhcp.o
 .text.dhcp_arp_reply
                0x08005978       0x80 Middlewares\LwIP\dhcp.o
                0x08005978                dhcp_arp_reply
 .text.dhcp_renew
                0x080059f8       0x88 Middlewares\LwIP\dhcp.o
                0x080059f8                dhcp_renew
 .text.dhcp_coarse_tmr
                0x08005a80       0x54 Middlewares\LwIP\dhcp.o
                0x08005a80                dhcp_coarse_tmr
 .text.dhcp_release
                0x08005ad4       0xa8 Middlewares\LwIP\dhcp.o
                0x08005ad4                dhcp_release
 .text.dhcp_fine_tmr
                0x08005b7c       0x9c Middlewares\LwIP\dhcp.o
                0x08005b7c                dhcp_fine_tmr
 .text.dhcp_stop
                0x08005c18       0x2e Middlewares\LwIP\dhcp.o
                0x08005c18                dhcp_stop
 *fill*         0x08005c46        0x2 
 .text.dhcp_start
                0x08005c48       0xa0 Middlewares\LwIP\dhcp.o
                0x08005c48                dhcp_start
 .text.lwip_htons
                0x08005ce8        0x6 Middlewares\LwIP\def.o
                0x08005ce8                lwip_htons
 .text.lwip_ntohs
                0x08005cee        0x6 Middlewares\LwIP\def.o
                0x08005cee                lwip_ntohs
 .text.lwip_htonl
                0x08005cf4        0x4 Middlewares\LwIP\def.o
                0x08005cf4                lwip_htonl
 .text.lwip_ntohl
                0x08005cf8        0x4 Middlewares\LwIP\def.o
                0x08005cf8                lwip_ntohl
 .text.prvResetNextTaskUnblockTime
                0x08005cfc       0x24 Middlewares\FreeRTOS\tasks.o
 .text.prvAddCurrentTaskToDelayedList
                0x08005d20       0x50 Middlewares\FreeRTOS\tasks.o
 .text.xTaskGenericCreate
                0x08005d70      0x19c Middlewares\FreeRTOS\tasks.o
                0x08005d70                xTaskGenericCreate
 .text.vTaskStartScheduler
                0x08005f0c       0x54 Middlewares\FreeRTOS\tasks.o
                0x08005f0c                vTaskStartScheduler
 .text.vTaskSuspendAll
                0x08005f60       0x10 Middlewares\FreeRTOS\tasks.o
                0x08005f60                vTaskSuspendAll
 .text.xTaskGetTickCount
                0x08005f70       0x18 Middlewares\FreeRTOS\tasks.o
                0x08005f70                xTaskGetTickCount
 .text.xTaskIncrementTick
                0x08005f88      0x10c Middlewares\FreeRTOS\tasks.o
                0x08005f88                xTaskIncrementTick
 .text.xTaskResumeAll
                0x08006094       0xc8 Middlewares\FreeRTOS\tasks.o
                0x08006094                xTaskResumeAll
 .text.vTaskDelay
                0x0800615c       0x64 Middlewares\FreeRTOS\tasks.o
                0x0800615c                vTaskDelay
 .text.prvIdleTask
                0x080061c0       0x64 Middlewares\FreeRTOS\tasks.o
 .text.vTaskSwitchContext
                0x08006224       0x60 Middlewares\FreeRTOS\tasks.o
                0x08006224                vTaskSwitchContext
 .text.vTaskPlaceOnEventList
                0x08006284       0x64 Middlewares\FreeRTOS\tasks.o
                0x08006284                vTaskPlaceOnEventList
 .text.xTaskRemoveFromEventList
                0x080062e8       0x74 Middlewares\FreeRTOS\tasks.o
                0x080062e8                xTaskRemoveFromEventList
 .text.vTaskSetTimeOutState
                0x0800635c       0x20 Middlewares\FreeRTOS\tasks.o
                0x0800635c                vTaskSetTimeOutState
 .text.xTaskCheckForTimeOut
                0x0800637c       0x5c Middlewares\FreeRTOS\tasks.o
                0x0800637c                xTaskCheckForTimeOut
 .text.vTaskMissedYield
                0x080063d8        0xc Middlewares\FreeRTOS\tasks.o
                0x080063d8                vTaskMissedYield
 .text.xTaskGetSchedulerState
                0x080063e4       0x20 Middlewares\FreeRTOS\tasks.o
                0x080063e4                xTaskGetSchedulerState
 .text.vTaskPriorityInherit
                0x08006404       0x94 Middlewares\FreeRTOS\tasks.o
                0x08006404                vTaskPriorityInherit
 .text.xTaskPriorityDisinherit
                0x08006498       0x78 Middlewares\FreeRTOS\tasks.o
                0x08006498                xTaskPriorityDisinherit
 .text.pvTaskIncrementMutexHeldCount
                0x08006510       0x18 Middlewares\FreeRTOS\tasks.o
                0x08006510                pvTaskIncrementMutexHeldCount
 .text.prvCopyDataToQueue
                0x08006528       0x6a Middlewares\FreeRTOS\queue.o
 .text.unlikely.prvCopyDataFromQueue
                0x08006592       0x26 Middlewares\FreeRTOS\queue.o
 .text.prvUnlockQueue
                0x080065b8       0x64 Middlewares\FreeRTOS\queue.o
 .text.xQueueGenericReset
                0x0800661c       0x62 Middlewares\FreeRTOS\queue.o
                0x0800661c                xQueueGenericReset
 .text.xQueueGenericCreate
                0x0800667e       0x42 Middlewares\FreeRTOS\queue.o
                0x0800667e                xQueueGenericCreate
 .text.xQueueCreateCountingSemaphore
                0x080066c0       0x2a Middlewares\FreeRTOS\queue.o
                0x080066c0                xQueueCreateCountingSemaphore
 .text.xQueueGenericSend
                0x080066ea      0x118 Middlewares\FreeRTOS\queue.o
                0x080066ea                xQueueGenericSend
 .text.xQueueCreateMutex
                0x08006802       0x50 Middlewares\FreeRTOS\queue.o
                0x08006802                xQueueCreateMutex
 .text.xQueueGenericSendFromISR
                0x08006852       0x8c Middlewares\FreeRTOS\queue.o
                0x08006852                xQueueGenericSendFromISR
 .text.xQueueGenericReceive
                0x080068de      0x12a Middlewares\FreeRTOS\queue.o
                0x080068de                xQueueGenericReceive
 .text.xQueueReceiveFromISR
                0x08006a08       0x6a Middlewares\FreeRTOS\queue.o
                0x08006a08                xQueueReceiveFromISR
 *fill*         0x08006a72        0x2 
 .text.prvPortStartFirstTask
                0x08006a74       0x20 Middlewares\FreeRTOS\port.o
 .text.vPortEnableVFP
                0x08006a94       0x14 Middlewares\FreeRTOS\port.o
 .text.pxPortInitialiseStack
                0x08006aa8       0x24 Middlewares\FreeRTOS\port.o
                0x08006aa8                pxPortInitialiseStack
 .text.SVC_Handler
                0x08006acc       0x20 Middlewares\FreeRTOS\port.o
                0x08006acc                SVC_Handler
 .text.vPortYield
                0x08006aec       0x18 Middlewares\FreeRTOS\port.o
                0x08006aec                vPortYield
 .text.ulPortSetInterruptMask
                0x08006b04       0x10 Middlewares\FreeRTOS\port.o
                0x08006b04                ulPortSetInterruptMask
 .text.prvTaskExitError
                0x08006b14       0x1c Middlewares\FreeRTOS\port.o
 .text.vPortEnterCritical
                0x08006b30       0x34 Middlewares\FreeRTOS\port.o
                0x08006b30                vPortEnterCritical
 .text.vPortClearInterruptMask
                0x08006b64        0x6 Middlewares\FreeRTOS\port.o
                0x08006b64                vPortClearInterruptMask
 *fill*         0x08006b6a        0x2 
 .text.vPortExitCritical
                0x08006b6c       0x24 Middlewares\FreeRTOS\port.o
                0x08006b6c                vPortExitCritical
 .text.PendSV_Handler
                0x08006b90       0x58 Middlewares\FreeRTOS\port.o
                0x08006b90                PendSV_Handler
 .text.xPortSysTickHandler
                0x08006be8       0x24 Middlewares\FreeRTOS\port.o
                0x08006be8                xPortSysTickHandler
 .text.vPortSetupTimerInterrupt
                0x08006c0c       0x24 Middlewares\FreeRTOS\port.o
                0x08006c0c                vPortSetupTimerInterrupt
 .text.xPortStartScheduler
                0x08006c30       0xa0 Middlewares\FreeRTOS\port.o
                0x08006c30                xPortStartScheduler
 .text.vPortValidateInterruptPriority
                0x08006cd0       0x44 Middlewares\FreeRTOS\port.o
                0x08006cd0                vPortValidateInterruptPriority
 .text.vListInitialise
                0x08006d14       0x16 Middlewares\FreeRTOS\list.o
                0x08006d14                vListInitialise
 .text.vListInitialiseItem
                0x08006d2a        0x6 Middlewares\FreeRTOS\list.o
                0x08006d2a                vListInitialiseItem
 .text.vListInsertEnd
                0x08006d30       0x18 Middlewares\FreeRTOS\list.o
                0x08006d30                vListInsertEnd
 .text.vListInsert
                0x08006d48       0x30 Middlewares\FreeRTOS\list.o
                0x08006d48                vListInsert
 .text.uxListRemove
                0x08006d78       0x20 Middlewares\FreeRTOS\list.o
                0x08006d78                uxListRemove
 .text.prvInsertBlockIntoFreeList
                0x08006d98       0x48 Middlewares\FreeRTOS\heap_4.o
 .text.pvPortMalloc
                0x08006de0      0x114 Middlewares\FreeRTOS\heap_4.o
                0x08006de0                pvPortMalloc
 .text.vPortFree
                0x08006ef4       0x58 Middlewares\FreeRTOS\heap_4.o
                0x08006ef4                vPortFree
 .text.osKernelStart
                0x08006f4c        0xa Middlewares\FreeRTOS\cmsis_os.o
                0x08006f4c                osKernelStart
 .text.osThreadCreate
                0x08006f56       0x36 Middlewares\FreeRTOS\cmsis_os.o
                0x08006f56                osThreadCreate
 .text.osDelay  0x08006f8c       0x10 Middlewares\FreeRTOS\cmsis_os.o
                0x08006f8c                osDelay
 .text.osSemaphoreCreate
                0x08006f9c       0x2e Middlewares\FreeRTOS\cmsis_os.o
                0x08006f9c                osSemaphoreCreate
 *fill*         0x08006fca        0x2 
 .text.osSemaphoreWait
                0x08006fcc       0x48 Middlewares\FreeRTOS\cmsis_os.o
                0x08006fcc                osSemaphoreWait
 .text.osSemaphoreRelease
                0x08007014       0x44 Middlewares\FreeRTOS\cmsis_os.o
                0x08007014                osSemaphoreRelease
 .text.osSystickHandler
                0x08007058       0x14 Middlewares\FreeRTOS\cmsis_os.o
                0x08007058                osSystickHandler
 .text.USB_CoreReset
                0x0800706c       0x30 Drivers\STM32F4xx_HAL_Driver\stm32f4xx_ll_usb.o
 .text.USB_CoreInit
                0x0800709c       0x76 Drivers\STM32F4xx_HAL_Driver\stm32f4xx_ll_usb.o
                0x0800709c                USB_CoreInit
 .text.USB_EnableGlobalInt
                0x08007112        0xc Drivers\STM32F4xx_HAL_Driver\stm32f4xx_ll_usb.o
                0x08007112                USB_EnableGlobalInt
 .text.USB_DisableGlobalInt
                0x0800711e        0xc Drivers\STM32F4xx_HAL_Driver\stm32f4xx_ll_usb.o
                0x0800711e                USB_DisableGlobalInt
 .text.USB_SetCurrentMode
                0x0800712a       0x2c Drivers\STM32F4xx_HAL_Driver\stm32f4xx_ll_usb.o
                0x0800712a                USB_SetCurrentMode
 *fill*         0x08007156        0x2 
 .text.USB_FlushTxFifo
                0x08007158       0x24 Drivers\STM32F4xx_HAL_Driver\stm32f4xx_ll_usb.o
                0x08007158                USB_FlushTxFifo
 .text.USB_FlushRxFifo
                0x0800717c       0x20 Drivers\STM32F4xx_HAL_Driver\stm32f4xx_ll_usb.o
                0x0800717c                USB_FlushRxFifo
 .text.USB_SetDevSpeed
                0x0800719c        0xe Drivers\STM32F4xx_HAL_Driver\stm32f4xx_ll_usb.o
                0x0800719c                USB_SetDevSpeed
 *fill*         0x080071aa        0x2 
 .text.USB_DevInit
                0x080071ac      0x12c Drivers\STM32F4xx_HAL_Driver\stm32f4xx_ll_usb.o
                0x080071ac                USB_DevInit
 .text.USB_GetDevSpeed
                0x080072d8       0x36 Drivers\STM32F4xx_HAL_Driver\stm32f4xx_ll_usb.o
                0x080072d8                USB_GetDevSpeed
 .text.USB_ActivateEndpoint
                0x0800730e       0x86 Drivers\STM32F4xx_HAL_Driver\stm32f4xx_ll_usb.o
                0x0800730e                USB_ActivateEndpoint
 .text.USB_DeactivateEndpoint
                0x08007394       0x6c Drivers\STM32F4xx_HAL_Driver\stm32f4xx_ll_usb.o
                0x08007394                USB_DeactivateEndpoint
 .text.USB_EP0StartXfer
                0x08007400      0x150 Drivers\STM32F4xx_HAL_Driver\stm32f4xx_ll_usb.o
                0x08007400                USB_EP0StartXfer
 .text.USB_WritePacket
                0x08007550       0x26 Drivers\STM32F4xx_HAL_Driver\stm32f4xx_ll_usb.o
                0x08007550                USB_WritePacket
 *fill*         0x08007576        0x2 
 .text.USB_EPStartXfer
                0x08007578      0x228 Drivers\STM32F4xx_HAL_Driver\stm32f4xx_ll_usb.o
                0x08007578                USB_EPStartXfer
 .text.USB_ReadPacket
                0x080077a0       0x22 Drivers\STM32F4xx_HAL_Driver\stm32f4xx_ll_usb.o
                0x080077a0                USB_ReadPacket
 .text.USB_EPSetStall
                0x080077c2       0x64 Drivers\STM32F4xx_HAL_Driver\stm32f4xx_ll_usb.o
                0x080077c2                USB_EPSetStall
 .text.USB_EPClearStall
                0x08007826       0x3a Drivers\STM32F4xx_HAL_Driver\stm32f4xx_ll_usb.o
                0x08007826                USB_EPClearStall
 .text.USB_SetDevAddress
                0x08007860       0x20 Drivers\STM32F4xx_HAL_Driver\stm32f4xx_ll_usb.o
                0x08007860                USB_SetDevAddress
 .text.USB_DevConnect
                0x08007880       0x18 Drivers\STM32F4xx_HAL_Driver\stm32f4xx_ll_usb.o
                0x08007880                USB_DevConnect
 .text.USB_DevDisconnect
                0x08007898       0x18 Drivers\STM32F4xx_HAL_Driver\stm32f4xx_ll_usb.o
                0x08007898                USB_DevDisconnect
 .text.USB_ReadInterrupts
                0x080078b0        0x8 Drivers\STM32F4xx_HAL_Driver\stm32f4xx_ll_usb.o
                0x080078b0                USB_ReadInterrupts
 .text.USB_ReadDevAllOutEpInterrupt
                0x080078b8       0x10 Drivers\STM32F4xx_HAL_Driver\stm32f4xx_ll_usb.o
                0x080078b8                USB_ReadDevAllOutEpInterrupt
 .text.USB_ReadDevAllInEpInterrupt
                0x080078c8       0x10 Drivers\STM32F4xx_HAL_Driver\stm32f4xx_ll_usb.o
                0x080078c8                USB_ReadDevAllInEpInterrupt
 .text.USB_ReadDevOutEPInterrupt
                0x080078d8       0x12 Drivers\STM32F4xx_HAL_Driver\stm32f4xx_ll_usb.o
                0x080078d8                USB_ReadDevOutEPInterrupt
 .text.USB_ReadDevInEPInterrupt
                0x080078ea       0x20 Drivers\STM32F4xx_HAL_Driver\stm32f4xx_ll_usb.o
                0x080078ea                USB_ReadDevInEPInterrupt
 .text.USB_GetMode
                0x0800790a        0x8 Drivers\STM32F4xx_HAL_Driver\stm32f4xx_ll_usb.o
                0x0800790a                USB_GetMode
 .text.USB_ActivateSetup
                0x08007912       0x36 Drivers\STM32F4xx_HAL_Driver\stm32f4xx_ll_usb.o
                0x08007912                USB_ActivateSetup
 .text.USB_EP0_OutStart
                0x08007948       0x40 Drivers\STM32F4xx_HAL_Driver\stm32f4xx_ll_usb.o
                0x08007948                USB_EP0_OutStart
 .text.HAL_TIMEx_MasterConfigSynchronization
                0x08007988       0x44 Drivers\STM32F4xx_HAL_Driver\stm32f4xx_hal_tim_ex.o
                0x08007988                HAL_TIMEx_MasterConfigSynchronization
 .text.HAL_TIMEx_ConfigBreakDeadTime
                0x080079cc       0x40 Drivers\STM32F4xx_HAL_Driver\stm32f4xx_hal_tim_ex.o
                0x080079cc                HAL_TIMEx_ConfigBreakDeadTime
 .text.TIM_OC1_SetConfig
                0x08007a0c       0x58 Drivers\STM32F4xx_HAL_Driver\stm32f4xx_hal_tim.o
 .text.TIM_OC3_SetConfig
                0x08007a64       0x60 Drivers\STM32F4xx_HAL_Driver\stm32f4xx_hal_tim.o
 .text.TIM_OC4_SetConfig
                0x08007ac4       0x50 Drivers\STM32F4xx_HAL_Driver\stm32f4xx_hal_tim.o
 .text.HAL_TIM_ConfigClockSource
                0x08007b14      0x174 Drivers\STM32F4xx_HAL_Driver\stm32f4xx_hal_tim.o
                0x08007b14                HAL_TIM_ConfigClockSource
 .text.TIM_Base_SetConfig
                0x08007c88       0xc8 Drivers\STM32F4xx_HAL_Driver\stm32f4xx_hal_tim.o
                0x08007c88                TIM_Base_SetConfig
 .text.HAL_TIM_Base_Init
                0x08007d50       0x34 Drivers\STM32F4xx_HAL_Driver\stm32f4xx_hal_tim.o
                0x08007d50                HAL_TIM_Base_Init
 .text.HAL_TIM_PWM_Init
                0x08007d84       0x34 Drivers\STM32F4xx_HAL_Driver\stm32f4xx_hal_tim.o
                0x08007d84                HAL_TIM_PWM_Init
 .text.TIM_OC2_SetConfig
                0x08007db8       0x64 Drivers\STM32F4xx_HAL_Driver\stm32f4xx_hal_tim.o
                0x08007db8                TIM_OC2_SetConfig
 .text.HAL_TIM_PWM_ConfigChannel
                0x08007e1c       0xc6 Drivers\STM32F4xx_HAL_Driver\stm32f4xx_hal_tim.o
                0x08007e1c                HAL_TIM_PWM_ConfigChannel
 .text.HAL_SPI_Init
                0x08007ee2       0x7a Drivers\STM32F4xx_HAL_Driver\stm32f4xx_hal_spi.o
                0x08007ee2                HAL_SPI_Init
 .text.HAL_RTC_WaitForSynchro
                0x08007f5c       0x30 Drivers\STM32F4xx_HAL_Driver\stm32f4xx_hal_rtc.o
                0x08007f5c                HAL_RTC_WaitForSynchro
 .text.RTC_EnterInitMode
                0x08007f8c       0x34 Drivers\STM32F4xx_HAL_Driver\stm32f4xx_hal_rtc.o
                0x08007f8c                RTC_EnterInitMode
 .text.HAL_RTC_Init
                0x08007fc0       0x88 Drivers\STM32F4xx_HAL_Driver\stm32f4xx_hal_rtc.o
                0x08007fc0                HAL_RTC_Init
 .text.RTC_ByteToBcd2
                0x08008048       0x16 Drivers\STM32F4xx_HAL_Driver\stm32f4xx_hal_rtc.o
                0x08008048                RTC_ByteToBcd2
 .text.HAL_RTC_SetTime
                0x0800805e       0xe6 Drivers\STM32F4xx_HAL_Driver\stm32f4xx_hal_rtc.o
                0x0800805e                HAL_RTC_SetTime
 .text.HAL_RTC_SetDate
                0x08008144       0xd2 Drivers\STM32F4xx_HAL_Driver\stm32f4xx_hal_rtc.o
                0x08008144                HAL_RTC_SetDate
 .text.HAL_RTC_SetAlarm
                0x08008216      0x146 Drivers\STM32F4xx_HAL_Driver\stm32f4xx_hal_rtc.o
                0x08008216                HAL_RTC_SetAlarm
 .text.HAL_RCCEx_PeriphCLKConfig
                0x0800835c      0x148 Drivers\STM32F4xx_HAL_Driver\stm32f4xx_hal_rcc_ex.o
                0x0800835c                HAL_RCCEx_PeriphCLKConfig
 .text.HAL_RCC_OscConfig
                0x080084a4      0x30c Drivers\STM32F4xx_HAL_Driver\stm32f4xx_hal_rcc.o
                0x080084a4                HAL_RCC_OscConfig
 .text.HAL_RCC_ClockConfig
                0x080087b0      0x204 Drivers\STM32F4xx_HAL_Driver\stm32f4xx_hal_rcc.o
                0x080087b0                HAL_RCC_ClockConfig
 .text.HAL_RCC_GetSysClockFreq
                0x080089b4       0x8c Drivers\STM32F4xx_HAL_Driver\stm32f4xx_hal_rcc.o
                0x080089b4                HAL_RCC_GetSysClockFreq
 .text.HAL_RCC_GetHCLKFreq
                0x08008a40       0x38 Drivers\STM32F4xx_HAL_Driver\stm32f4xx_hal_rcc.o
                0x08008a40                HAL_RCC_GetHCLKFreq
 .text.HAL_RCC_GetPCLK1Freq
                0x08008a78       0x30 Drivers\STM32F4xx_HAL_Driver\stm32f4xx_hal_rcc.o
                0x08008a78                HAL_RCC_GetPCLK1Freq
 .text.HAL_PCDEx_SetTxFiFo
                0x08008aa8       0x42 Drivers\STM32F4xx_HAL_Driver\stm32f4xx_hal_pcd_ex.o
                0x08008aa8                HAL_PCDEx_SetTxFiFo
 .text.HAL_PCDEx_SetRxFiFo
                0x08008aea        0x8 Drivers\STM32F4xx_HAL_Driver\stm32f4xx_hal_pcd_ex.o
                0x08008aea                HAL_PCDEx_SetRxFiFo
 .text.HAL_PCD_Init
                0x08008af2       0xd6 Drivers\STM32F4xx_HAL_Driver\stm32f4xx_hal_pcd.o
                0x08008af2                HAL_PCD_Init
 .text.HAL_PCD_Start
                0x08008bc8       0x2a Drivers\STM32F4xx_HAL_Driver\stm32f4xx_hal_pcd.o
                0x08008bc8                HAL_PCD_Start
 .text.HAL_PCD_IRQHandler
                0x08008bf2      0x460 Drivers\STM32F4xx_HAL_Driver\stm32f4xx_hal_pcd.o
                0x08008bf2                HAL_PCD_IRQHandler
 .text.HAL_PCD_SetAddress
                0x08009052       0x24 Drivers\STM32F4xx_HAL_Driver\stm32f4xx_hal_pcd.o
                0x08009052                HAL_PCD_SetAddress
 .text.HAL_PCD_EP_Open
                0x08009076       0x5a Drivers\STM32F4xx_HAL_Driver\stm32f4xx_hal_pcd.o
                0x08009076                HAL_PCD_EP_Open
 .text.HAL_PCD_EP_Close
                0x080090d0       0x48 Drivers\STM32F4xx_HAL_Driver\stm32f4xx_hal_pcd.o
                0x080090d0                HAL_PCD_EP_Close
 .text.HAL_PCD_EP_Receive
                0x08009118       0x52 Drivers\STM32F4xx_HAL_Driver\stm32f4xx_hal_pcd.o
                0x08009118                HAL_PCD_EP_Receive
 .text.HAL_PCD_EP_GetRxCount
                0x0800916a       0x10 Drivers\STM32F4xx_HAL_Driver\stm32f4xx_hal_pcd.o
                0x0800916a                HAL_PCD_EP_GetRxCount
 .text.HAL_PCD_EP_Transmit
                0x0800917a       0x56 Drivers\STM32F4xx_HAL_Driver\stm32f4xx_hal_pcd.o
                0x0800917a                HAL_PCD_EP_Transmit
 .text.HAL_PCD_EP_SetStall
                0x080091d0       0x5a Drivers\STM32F4xx_HAL_Driver\stm32f4xx_hal_pcd.o
                0x080091d0                HAL_PCD_EP_SetStall
 .text.HAL_PCD_EP_ClrStall
                0x0800922a       0x4c Drivers\STM32F4xx_HAL_Driver\stm32f4xx_hal_pcd.o
                0x0800922a                HAL_PCD_EP_ClrStall
 *fill*         0x08009276        0x2 
 .text.HAL_I2C_Init
                0x08009278       0xd4 Drivers\STM32F4xx_HAL_Driver\stm32f4xx_hal_i2c.o
                0x08009278                HAL_I2C_Init
 .text.HAL_GPIO_Init
                0x0800934c      0x1d0 Drivers\STM32F4xx_HAL_Driver\stm32f4xx_hal_gpio.o
                0x0800934c                HAL_GPIO_Init
 .text.HAL_GPIO_WritePin
                0x0800951c        0x8 Drivers\STM32F4xx_HAL_Driver\stm32f4xx_hal_gpio.o
                0x0800951c                HAL_GPIO_WritePin
 .text.ETH_FlushTransmitFIFO
                0x08009524       0x2a Drivers\STM32F4xx_HAL_Driver\stm32f4xx_hal_eth.o
 *fill*         0x0800954e        0x2 
 .text.ETH_MACDMAConfig
                0x08009550      0x110 Drivers\STM32F4xx_HAL_Driver\stm32f4xx_hal_eth.o
 .text.HAL_ETH_DMATxDescListInit
                0x08009660       0x78 Drivers\STM32F4xx_HAL_Driver\stm32f4xx_hal_eth.o
                0x08009660                HAL_ETH_DMATxDescListInit
 .text.HAL_ETH_DMARxDescListInit
                0x080096d8       0x70 Drivers\STM32F4xx_HAL_Driver\stm32f4xx_hal_eth.o
                0x080096d8                HAL_ETH_DMARxDescListInit
 .text.HAL_ETH_TransmitFrame
                0x08009748       0xec Drivers\STM32F4xx_HAL_Driver\stm32f4xx_hal_eth.o
                0x08009748                HAL_ETH_TransmitFrame
 .text.HAL_ETH_GetReceivedFrame_IT
                0x08009834       0x88 Drivers\STM32F4xx_HAL_Driver\stm32f4xx_hal_eth.o
                0x08009834                HAL_ETH_GetReceivedFrame_IT
 .text.HAL_ETH_TxCpltCallback
                0x080098bc        0x2 Drivers\STM32F4xx_HAL_Driver\stm32f4xx_hal_eth.o
                0x080098bc                HAL_ETH_TxCpltCallback
 .text.HAL_ETH_ErrorCallback
                0x080098be        0x2 Drivers\STM32F4xx_HAL_Driver\stm32f4xx_hal_eth.o
                0x080098be                HAL_ETH_ErrorCallback
 .text.HAL_ETH_IRQHandler
                0x080098c0       0x70 Drivers\STM32F4xx_HAL_Driver\stm32f4xx_hal_eth.o
                0x080098c0                HAL_ETH_IRQHandler
 .text.HAL_ETH_ReadPHYRegister
                0x08009930       0x74 Drivers\STM32F4xx_HAL_Driver\stm32f4xx_hal_eth.o
                0x08009930                HAL_ETH_ReadPHYRegister
 .text.HAL_ETH_WritePHYRegister
                0x080099a4       0x6e Drivers\STM32F4xx_HAL_Driver\stm32f4xx_hal_eth.o
                0x080099a4                HAL_ETH_WritePHYRegister
 *fill*         0x08009a12        0x2 
 .text.HAL_ETH_Init
                0x08009a14      0x1c4 Drivers\STM32F4xx_HAL_Driver\stm32f4xx_hal_eth.o
                0x08009a14                HAL_ETH_Init
 .text.HAL_ETH_Start
                0x08009bd8       0x7c Drivers\STM32F4xx_HAL_Driver\stm32f4xx_hal_eth.o
                0x08009bd8                HAL_ETH_Start
 .text.HAL_CRC_Init
                0x08009c54       0x24 Drivers\STM32F4xx_HAL_Driver\stm32f4xx_hal_crc.o
                0x08009c54                HAL_CRC_Init
 .text.HAL_NVIC_SetPriorityGrouping
                0x08009c78       0x24 Drivers\STM32F4xx_HAL_Driver\stm32f4xx_hal_cortex.o
                0x08009c78                HAL_NVIC_SetPriorityGrouping
 .text.HAL_NVIC_SetPriority
                0x08009c9c       0x64 Drivers\STM32F4xx_HAL_Driver\stm32f4xx_hal_cortex.o
                0x08009c9c                HAL_NVIC_SetPriority
 .text.HAL_NVIC_EnableIRQ
                0x08009d00       0x18 Drivers\STM32F4xx_HAL_Driver\stm32f4xx_hal_cortex.o
                0x08009d00                HAL_NVIC_EnableIRQ
 .text.HAL_SYSTICK_Config
                0x08009d18       0x2c Drivers\STM32F4xx_HAL_Driver\stm32f4xx_hal_cortex.o
                0x08009d18                HAL_SYSTICK_Config
 .text.HAL_ADCEx_InjectedConvCpltCallback
                0x08009d44        0x2 Drivers\STM32F4xx_HAL_Driver\stm32f4xx_hal_adc_ex.o
                0x08009d44                HAL_ADCEx_InjectedConvCpltCallback
 *fill*         0x08009d46        0x2 
 .text.HAL_ADC_Init
                0x08009d48      0x13c Drivers\STM32F4xx_HAL_Driver\stm32f4xx_hal_adc.o
                0x08009d48                HAL_ADC_Init
 .text.HAL_ADC_ConvCpltCallback
                0x08009e84        0x2 Drivers\STM32F4xx_HAL_Driver\stm32f4xx_hal_adc.o
                0x08009e84                HAL_ADC_ConvCpltCallback
 .text.HAL_ADC_LevelOutOfWindowCallback
                0x08009e86        0x2 Drivers\STM32F4xx_HAL_Driver\stm32f4xx_hal_adc.o
                0x08009e86                HAL_ADC_LevelOutOfWindowCallback
 .text.HAL_ADC_ErrorCallback
                0x08009e88        0x2 Drivers\STM32F4xx_HAL_Driver\stm32f4xx_hal_adc.o
                0x08009e88                HAL_ADC_ErrorCallback
 .text.HAL_ADC_IRQHandler
                0x08009e8a       0xf2 Drivers\STM32F4xx_HAL_Driver\stm32f4xx_hal_adc.o
                0x08009e8a                HAL_ADC_IRQHandler
 .text.HAL_ADC_ConfigChannel
                0x08009f7c      0x12c Drivers\STM32F4xx_HAL_Driver\stm32f4xx_hal_adc.o
                0x08009f7c                HAL_ADC_ConfigChannel
 .text.HAL_ADC_AnalogWDGConfig
                0x0800a0a8       0x5e Drivers\STM32F4xx_HAL_Driver\stm32f4xx_hal_adc.o
                0x0800a0a8                HAL_ADC_AnalogWDGConfig
 .text.HAL_InitTick
                0x0800a106       0x24 Drivers\STM32F4xx_HAL_Driver\stm32f4xx_hal.o
                0x0800a106                HAL_InitTick
 *fill*         0x0800a12a        0x2 
 .text.HAL_Init
                0x0800a12c       0x34 Drivers\STM32F4xx_HAL_Driver\stm32f4xx_hal.o
                0x0800a12c                HAL_Init
 .text.HAL_IncTick
                0x0800a160       0x10 Drivers\STM32F4xx_HAL_Driver\stm32f4xx_hal.o
                0x0800a160                HAL_IncTick
 .text.HAL_GetTick
                0x0800a170        0xc Drivers\STM32F4xx_HAL_Driver\stm32f4xx_hal.o
                0x0800a170                HAL_GetTick
 .text.HAL_Delay
                0x0800a17c       0x1a Drivers\STM32F4xx_HAL_Driver\stm32f4xx_hal.o
                0x0800a17c                HAL_Delay
 *fill*         0x0800a196        0x2 
 .text.SystemInit
                0x0800a198       0x4c Drivers\CMSIS\system_stm32f4xx.o
                0x0800a198                SystemInit
 .text.USBD_HS_DeviceDescriptor
                0x0800a1e4        0xc Application\User\usbd_desc.o
                0x0800a1e4                USBD_HS_DeviceDescriptor
 .text.USBD_HS_LangIDStrDescriptor
                0x0800a1f0        0xc Application\User\usbd_desc.o
                0x0800a1f0                USBD_HS_LangIDStrDescriptor
 .text.USBD_HS_ManufacturerStrDescriptor
                0x0800a1fc       0x1c Application\User\usbd_desc.o
                0x0800a1fc                USBD_HS_ManufacturerStrDescriptor
 .text.USBD_HS_ProductStrDescriptor
                0x0800a218       0x1c Application\User\usbd_desc.o
                0x0800a218                USBD_HS_ProductStrDescriptor
 .text.USBD_HS_SerialStrDescriptor
                0x0800a234       0x1c Application\User\usbd_desc.o
                0x0800a234                USBD_HS_SerialStrDescriptor
 .text.USBD_HS_ConfigStrDescriptor
                0x0800a250       0x1c Application\User\usbd_desc.o
                0x0800a250                USBD_HS_ConfigStrDescriptor
 .text.USBD_HS_InterfaceStrDescriptor
                0x0800a26c       0x1c Application\User\usbd_desc.o
                0x0800a26c                USBD_HS_InterfaceStrDescriptor
 .text.HAL_PCD_MspInit
                0x0800a288       0x7c Application\User\usbd_conf.o
                0x0800a288                HAL_PCD_MspInit
 .text.HAL_PCD_SetupStageCallback
                0x0800a304        0xe Application\User\usbd_conf.o
                0x0800a304                HAL_PCD_SetupStageCallback
 .text.HAL_PCD_DataOutStageCallback
                0x0800a312       0x12 Application\User\usbd_conf.o
                0x0800a312                HAL_PCD_DataOutStageCallback
 .text.HAL_PCD_DataInStageCallback
                0x0800a324       0x10 Application\User\usbd_conf.o
                0x0800a324                HAL_PCD_DataInStageCallback
 .text.HAL_PCD_SOFCallback
                0x0800a334        0x8 Application\User\usbd_conf.o
                0x0800a334                HAL_PCD_SOFCallback
 .text.HAL_PCD_ResetCallback
                0x0800a33c       0x20 Application\User\usbd_conf.o
                0x0800a33c                HAL_PCD_ResetCallback
 .text.HAL_PCD_SuspendCallback
                0x0800a35c       0x30 Application\User\usbd_conf.o
                0x0800a35c                HAL_PCD_SuspendCallback
 .text.HAL_PCD_ResumeCallback
                0x0800a38c        0x8 Application\User\usbd_conf.o
                0x0800a38c                HAL_PCD_ResumeCallback
 .text.HAL_PCD_ISOOUTIncompleteCallback
                0x0800a394        0x8 Application\User\usbd_conf.o
                0x0800a394                HAL_PCD_ISOOUTIncompleteCallback
 .text.HAL_PCD_ISOINIncompleteCallback
                0x0800a39c        0x8 Application\User\usbd_conf.o
                0x0800a39c                HAL_PCD_ISOINIncompleteCallback
 .text.HAL_PCD_ConnectCallback
                0x0800a3a4        0x8 Application\User\usbd_conf.o
                0x0800a3a4                HAL_PCD_ConnectCallback
 .text.HAL_PCD_DisconnectCallback
                0x0800a3ac        0x8 Application\User\usbd_conf.o
                0x0800a3ac                HAL_PCD_DisconnectCallback
 .text.USBD_LL_Init
                0x0800a3b4       0x64 Application\User\usbd_conf.o
                0x0800a3b4                USBD_LL_Init
 .text.USBD_LL_Start
                0x0800a418        0xe Application\User\usbd_conf.o
                0x0800a418                USBD_LL_Start
 .text.USBD_LL_OpenEP
                0x0800a426       0x14 Application\User\usbd_conf.o
                0x0800a426                USBD_LL_OpenEP
 .text.USBD_LL_CloseEP
                0x0800a43a        0xe Application\User\usbd_conf.o
                0x0800a43a                USBD_LL_CloseEP
 .text.USBD_LL_StallEP
                0x0800a448        0xe Application\User\usbd_conf.o
                0x0800a448                USBD_LL_StallEP
 .text.USBD_LL_ClearStallEP
                0x0800a456        0xe Application\User\usbd_conf.o
                0x0800a456                USBD_LL_ClearStallEP
 .text.USBD_LL_IsStallEP
                0x0800a464       0x26 Application\User\usbd_conf.o
                0x0800a464                USBD_LL_IsStallEP
 .text.USBD_LL_SetUSBAddress
                0x0800a48a        0xe Application\User\usbd_conf.o
                0x0800a48a                USBD_LL_SetUSBAddress
 .text.USBD_LL_Transmit
                0x0800a498        0xe Application\User\usbd_conf.o
                0x0800a498                USBD_LL_Transmit
 .text.USBD_LL_PrepareReceive
                0x0800a4a6        0xe Application\User\usbd_conf.o
                0x0800a4a6                USBD_LL_PrepareReceive
 .text.USBD_LL_GetRxDataSize
                0x0800a4b4        0xc Application\User\usbd_conf.o
                0x0800a4b4                USBD_LL_GetRxDataSize
 .text.CDC_Control_HS
                0x0800a4c0        0x2 Application\User\usbd_cdc_if.o
 .text.CDC_Receive_HS
                0x0800a4c2        0x2 Application\User\usbd_cdc_if.o
 .text.CDC_DeInit_HS
                0x0800a4c4       0x28 Application\User\usbd_cdc_if.o
 .text.CDC_Init_HS
                0x0800a4ec       0x2c Application\User\usbd_cdc_if.o
 .text.MX_USB_DEVICE_Init
                0x0800a518       0x38 Application\User\usb_device.o
                0x0800a518                MX_USB_DEVICE_Init
 .text.MX_TIM1_Init
                0x0800a550       0x88 Application\User\tim.o
                0x0800a550                MX_TIM1_Init
 .text.MX_TIM3_Init
                0x0800a5d8       0x68 Application\User\tim.o
                0x0800a5d8                MX_TIM3_Init
 .text.HAL_TIM_Base_MspInit
                0x0800a640       0x84 Application\User\tim.o
                0x0800a640                HAL_TIM_Base_MspInit
 .text.HAL_TIM_PWM_MspInit
                0x0800a6c4       0x84 Application\User\tim.o
                0x0800a6c4                HAL_TIM_PWM_MspInit
 .text.SysTick_Handler
                0x0800a748        0xe Application\User\stm32f4xx_it.o
                0x0800a748                SysTick_Handler
 *fill*         0x0800a756        0x2 
 .text.ADC_IRQHandler
                0x0800a758       0x1c Application\User\stm32f4xx_it.o
                0x0800a758                ADC_IRQHandler
 .text.OTG_HS_EP1_IN_IRQHandler
                0x0800a774        0xc Application\User\stm32f4xx_it.o
                0x0800a774                OTG_HS_EP1_IN_IRQHandler
 .text.ETH_IRQHandler
                0x0800a780        0xc Application\User\stm32f4xx_it.o
                0x0800a780                ETH_IRQHandler
 .text.OTG_HS_IRQHandler
                0x0800a78c        0xc Application\User\stm32f4xx_it.o
                0x0800a78c                OTG_HS_IRQHandler
 .text.HAL_MspInit
                0x0800a798       0x18 Application\User\stm32f4xx_hal_msp.o
                0x0800a798                HAL_MspInit
 .text.MX_SPI2_Init
                0x0800a7b0       0x30 Application\User\spi.o
                0x0800a7b0                MX_SPI2_Init
 .text.HAL_SPI_MspInit
                0x0800a7e0       0x64 Application\User\spi.o
                0x0800a7e0                HAL_SPI_MspInit
 .text.MX_RTC_Init
                0x0800a844       0x9c Application\User\rtc.o
                0x0800a844                MX_RTC_Init
 .text.HAL_RTC_MspInit
                0x0800a8e0       0x18 Application\User\rtc.o
                0x0800a8e0                HAL_RTC_MspInit
 .text.SystemClock_Config
                0x0800a8f8       0x90 Application\User\main.o
                0x0800a8f8                SystemClock_Config
 .text.startup.main
                0x0800a988       0x3c Application\User\main.o
                0x0800a988                main
 .text.MX_LWIP_Init
                0x0800a9c4       0x68 Application\User\lwip.o
                0x0800a9c4                MX_LWIP_Init
 .text.MX_LWIP_Process
                0x0800aa2c        0xc Application\User\lwip.o
                0x0800aa2c                MX_LWIP_Process
 .text.MX_I2C1_Init
                0x0800aa38       0x30 Application\User\i2c.o
                0x0800aa38                MX_I2C1_Init
 .text.MX_I2C3_Init
                0x0800aa68       0x30 Application\User\i2c.o
                0x0800aa68                MX_I2C3_Init
 .text.HAL_I2C_MspInit
                0x0800aa98       0xa8 Application\User\i2c.o
                0x0800aa98                HAL_I2C_MspInit
 .text.MX_GPIO_Init
                0x0800ab40      0x1f0 Application\User\gpio.o
                0x0800ab40                MX_GPIO_Init
 .text.StartDefaultTask
                0x0800ad30       0x16 Application\User\freertos.o
                0x0800ad30                StartDefaultTask
 *fill*         0x0800ad46        0x2 
 .text.MX_FREERTOS_Init
                0x0800ad48       0x28 Application\User\freertos.o
                0x0800ad48                MX_FREERTOS_Init
 .text.low_level_output
                0x0800ad70       0xa4 Application\User\ethernetif.o
 .text.ethernetif_input
                0x0800ae14       0xe8 Application\User\ethernetif.o
                0x0800ae14                ethernetif_input
 .text.HAL_ETH_MspInit
                0x0800aefc       0xc8 Application\User\ethernetif.o
                0x0800aefc                HAL_ETH_MspInit
 .text.HAL_ETH_RxCpltCallback
                0x0800afc4        0xc Application\User\ethernetif.o
                0x0800afc4                HAL_ETH_RxCpltCallback
 .text.ethernetif_init
                0x0800afd0      0x158 Application\User\ethernetif.o
                0x0800afd0                ethernetif_init
 .text.MX_CRC_Init
                0x0800b128       0x14 Application\User\crc.o
                0x0800b128                MX_CRC_Init
 .text.HAL_CRC_MspInit
                0x0800b13c       0x2c Application\User\crc.o
                0x0800b13c                HAL_CRC_MspInit
 .text.MX_ADC1_Init
                0x0800b168       0x84 Application\User\adc.o
                0x0800b168                MX_ADC1_Init
 .text.MX_ADC3_Init
                0x0800b1ec       0x50 Application\User\adc.o
                0x0800b1ec                MX_ADC3_Init
 .text.HAL_ADC_MspInit
                0x0800b23c       0x94 Application\User\adc.o
                0x0800b23c                HAL_ADC_MspInit
 .text.Reset_Handler
                0x0800b2d0       0x58 Application\TrueSTUDIO\startup_stm32f417xx.o
                0x0800b2d0                Reset_Handler
 .text.Default_Handler
                0x0800b328        0x4 Application\TrueSTUDIO\startup_stm32f417xx.o
                0x0800b328                RTC_Alarm_IRQHandler
                0x0800b328                HASH_RNG_IRQHandler
                0x0800b328                EXTI2_IRQHandler
                0x0800b328                TIM8_CC_IRQHandler
                0x0800b328                DebugMon_Handler
                0x0800b328                TIM1_CC_IRQHandler
                0x0800b328                DMA2_Stream5_IRQHandler
                0x0800b328                HardFault_Handler
                0x0800b328                DMA1_Stream5_IRQHandler
                0x0800b328                PVD_IRQHandler
                0x0800b328                SDIO_IRQHandler
                0x0800b328                TAMP_STAMP_IRQHandler
                0x0800b328                NMI_Handler
                0x0800b328                CAN2_RX1_IRQHandler
                0x0800b328                EXTI3_IRQHandler
                0x0800b328                TIM8_TRG_COM_TIM14_IRQHandler
                0x0800b328                TIM1_UP_TIM10_IRQHandler
                0x0800b328                TIM8_UP_TIM13_IRQHandler
                0x0800b328                I2C3_ER_IRQHandler
                0x0800b328                EXTI0_IRQHandler
                0x0800b328                I2C2_EV_IRQHandler
                0x0800b328                DMA1_Stream2_IRQHandler
                0x0800b328                CAN1_RX0_IRQHandler
                0x0800b328                FPU_IRQHandler
                0x0800b328                OTG_HS_WKUP_IRQHandler
                0x0800b328                UsageFault_Handler
                0x0800b328                CAN2_SCE_IRQHandler
                0x0800b328                DMA2_Stream2_IRQHandler
                0x0800b328                SPI1_IRQHandler
                0x0800b328                TIM6_DAC_IRQHandler
                0x0800b328                TIM1_BRK_TIM9_IRQHandler
                0x0800b328                DCMI_IRQHandler
                0x0800b328                CAN2_RX0_IRQHandler
                0x0800b328                DMA2_Stream3_IRQHandler
                0x0800b328                USART6_IRQHandler
                0x0800b328                USART3_IRQHandler
                0x0800b328                CRYP_IRQHandler
                0x0800b328                CAN1_RX1_IRQHandler
                0x0800b328                UART5_IRQHandler
                0x0800b328                DMA2_Stream0_IRQHandler
                0x0800b328                TIM4_IRQHandler
                0x0800b328                I2C1_EV_IRQHandler
                0x0800b328                DMA1_Stream6_IRQHandler
                0x0800b328                DMA1_Stream1_IRQHandler
                0x0800b328                UART4_IRQHandler
                0x0800b328                TIM3_IRQHandler
                0x0800b328                RCC_IRQHandler
                0x0800b328                TIM8_BRK_TIM12_IRQHandler
                0x0800b328                Default_Handler
                0x0800b328                EXTI15_10_IRQHandler
                0x0800b328                DMA1_Stream7_IRQHandler
                0x0800b328                TIM7_IRQHandler
                0x0800b328                CAN2_TX_IRQHandler
                0x0800b328                TIM5_IRQHandler
                0x0800b328                DMA2_Stream7_IRQHandler
                0x0800b328                I2C3_EV_IRQHandler
                0x0800b328                EXTI9_5_IRQHandler
                0x0800b328                RTC_WKUP_IRQHandler
                0x0800b328                ETH_WKUP_IRQHandler
                0x0800b328                SPI2_IRQHandler
                0x0800b328                MemManage_Handler
                0x0800b328                DMA1_Stream0_IRQHandler
                0x0800b328                CAN1_TX_IRQHandler
                0x0800b328                EXTI4_IRQHandler
                0x0800b328                FSMC_IRQHandler
                0x0800b328                OTG_HS_EP1_OUT_IRQHandler
                0x0800b328                WWDG_IRQHandler
                0x0800b328                TIM2_IRQHandler
                0x0800b328                OTG_FS_WKUP_IRQHandler
                0x0800b328                TIM1_TRG_COM_TIM11_IRQHandler
                0x0800b328                EXTI1_IRQHandler
                0x0800b328                USART2_IRQHandler
                0x0800b328                I2C2_ER_IRQHandler
                0x0800b328                DMA2_Stream1_IRQHandler
                0x0800b328                CAN1_SCE_IRQHandler
                0x0800b328                FLASH_IRQHandler
                0x0800b328                DMA2_Stream4_IRQHandler
                0x0800b328                BusFault_Handler
                0x0800b328                USART1_IRQHandler
                0x0800b328                OTG_FS_IRQHandler
                0x0800b328                SPI3_IRQHandler
                0x0800b328                DMA1_Stream4_IRQHandler
                0x0800b328                I2C1_ER_IRQHandler
                0x0800b328                DMA2_Stream6_IRQHandler
                0x0800b328                DMA1_Stream3_IRQHandler
 .text.__libc_init_array
                0x0800b32c       0x4c c:/program files (x86)/atollic/truestudio for arm pro 5.3.0/armtools/bin/../lib/gcc/arm-atollic-eabi/4.8.3/../../../../arm-atollic-eabi/lib/armv7e-m/fpu\libc.a(lib_a-init.o)
                0x0800b32c                __libc_init_array
 .text.malloc   0x0800b378       0x10 c:/program files (x86)/atollic/truestudio for arm pro 5.3.0/armtools/bin/../lib/gcc/arm-atollic-eabi/4.8.3/../../../../arm-atollic-eabi/lib/armv7e-m/fpu\libc.a(lib_a-malloc.o)
                0x0800b378                malloc
 .text.free     0x0800b388       0x10 c:/program files (x86)/atollic/truestudio for arm pro 5.3.0/armtools/bin/../lib/gcc/arm-atollic-eabi/4.8.3/../../../../arm-atollic-eabi/lib/armv7e-m/fpu\libc.a(lib_a-malloc.o)
                0x0800b388                free
 .text._malloc_r
                0x0800b398      0x424 c:/program files (x86)/atollic/truestudio for arm pro 5.3.0/armtools/bin/../lib/gcc/arm-atollic-eabi/4.8.3/../../../../arm-atollic-eabi/lib/armv7e-m/fpu\libc.a(lib_a-mallocr.o)
                0x0800b398                _malloc_r
 .text.memcmp   0x0800b7bc       0x1e c:/program files (x86)/atollic/truestudio for arm pro 5.3.0/armtools/bin/../lib/gcc/arm-atollic-eabi/4.8.3/../../../../arm-atollic-eabi/lib/armv7e-m/fpu\libc.a(lib_a-memcmp.o)
                0x0800b7bc                memcmp
 .text.memcpy   0x0800b7da       0x12 c:/program files (x86)/atollic/truestudio for arm pro 5.3.0/armtools/bin/../lib/gcc/arm-atollic-eabi/4.8.3/../../../../arm-atollic-eabi/lib/armv7e-m/fpu\libc.a(lib_a-memcpy-stub.o)
                0x0800b7da                memcpy
 .text.memset   0x0800b7ec       0x10 c:/program files (x86)/atollic/truestudio for arm pro 5.3.0/armtools/bin/../lib/gcc/arm-atollic-eabi/4.8.3/../../../../arm-atollic-eabi/lib/armv7e-m/fpu\libc.a(lib_a-memset.o)
                0x0800b7ec                memset
 .text.__malloc_lock
                0x0800b7fc        0x2 c:/program files (x86)/atollic/truestudio for arm pro 5.3.0/armtools/bin/../lib/gcc/arm-atollic-eabi/4.8.3/../../../../arm-atollic-eabi/lib/armv7e-m/fpu\libc.a(lib_a-mlock.o)
                0x0800b7fc                __malloc_lock
 .text.__malloc_unlock
                0x0800b7fe        0x2 c:/program files (x86)/atollic/truestudio for arm pro 5.3.0/armtools/bin/../lib/gcc/arm-atollic-eabi/4.8.3/../../../../arm-atollic-eabi/lib/armv7e-m/fpu\libc.a(lib_a-mlock.o)
                0x0800b7fe                __malloc_unlock
 .text._sbrk_r  0x0800b800       0x20 c:/program files (x86)/atollic/truestudio for arm pro 5.3.0/armtools/bin/../lib/gcc/arm-atollic-eabi/4.8.3/../../../../arm-atollic-eabi/lib/armv7e-m/fpu\libc.a(lib_a-sbrkr.o)
                0x0800b800                _sbrk_r
 .text._sbrk    0x0800b820       0x34 c:/program files (x86)/atollic/truestudio for arm pro 5.3.0/armtools/bin/../lib/gcc/arm-atollic-eabi/4.8.3/../../../../arm-atollic-eabi/lib/armv7e-m/fpu\libc.a(lib_a-syscalls.o)
                0x0800b820                _sbrk
 .text._malloc_trim_r
                0x0800b854       0xa8 c:/program files (x86)/atollic/truestudio for arm pro 5.3.0/armtools/bin/../lib/gcc/arm-atollic-eabi/4.8.3/../../../../arm-atollic-eabi/lib/armv7e-m/fpu\libc.a(lib_a-freer.o)
                0x0800b854                _malloc_trim_r
 .text._free_r  0x0800b8fc      0x170 c:/program files (x86)/atollic/truestudio for arm pro 5.3.0/armtools/bin/../lib/gcc/arm-atollic-eabi/4.8.3/../../../../arm-atollic-eabi/lib/armv7e-m/fpu\libc.a(lib_a-freer.o)
                0x0800b8fc                _free_r
 *(.glue_7)
 .glue_7        0x00000000        0x0 linker stubs
 *(.glue_7t)
 .glue_7t       0x00000000        0x0 linker stubs
 *(.eh_frame)
 .eh_frame      0x0800ba6c        0x0 c:/program files (x86)/atollic/truestudio for arm pro 5.3.0/armtools/bin/../lib/gcc/arm-atollic-eabi/4.8.3/armv7e-m/fpu/crtbegin.o
 *(.init)
 .init          0x0800ba6c        0x4 c:/program files (x86)/atollic/truestudio for arm pro 5.3.0/armtools/bin/../lib/gcc/arm-atollic-eabi/4.8.3/armv7e-m/fpu/crti.o
                0x0800ba6c                _init
 .init          0x0800ba70        0x8 c:/program files (x86)/atollic/truestudio for arm pro 5.3.0/armtools/bin/../lib/gcc/arm-atollic-eabi/4.8.3/armv7e-m/fpu/crtn.o
 *(.fini)
 .fini          0x0800ba78        0x4 c:/program files (x86)/atollic/truestudio for arm pro 5.3.0/armtools/bin/../lib/gcc/arm-atollic-eabi/4.8.3/armv7e-m/fpu/crti.o
                0x0800ba78                _fini
 .fini          0x0800ba7c        0x8 c:/program files (x86)/atollic/truestudio for arm pro 5.3.0/armtools/bin/../lib/gcc/arm-atollic-eabi/4.8.3/armv7e-m/fpu/crtn.o
                0x0800ba84                . = ALIGN (0x4)
                0x0800ba84                _etext = .

.vfp11_veneer   0x0800ba84        0x0
 .vfp11_veneer  0x00000000        0x0 linker stubs

.v4_bx          0x0800ba84        0x0
 .v4_bx         0x00000000        0x0 linker stubs

.iplt           0x0800ba84        0x0
 .iplt          0x00000000        0x0 c:/program files (x86)/atollic/truestudio for arm pro 5.3.0/armtools/bin/../lib/gcc/arm-atollic-eabi/4.8.3/armv7e-m/fpu/crtbegin.o

.rodata         0x0800ba84      0x110
                0x0800ba84                . = ALIGN (0x4)
 *(.rodata)
 .rodata        0x0800ba84       0x14 Application\User\freertos.o
 .rodata        0x0800ba98       0x14 Application\User\ethernetif.o
 *(.rodata*)
 .rodata.str1.1
                0x0800baac        0xd Middlewares\LwIP\tcpip.o
 .rodata.tcp_backoff
                0x0800bab9        0xd Middlewares\LwIP\tcp.o
                0x0800bab9                tcp_backoff
 .rodata.tcp_persist_backoff
                0x0800bac6        0x7 Middlewares\LwIP\tcp.o
                0x0800bac6                tcp_persist_backoff
 *fill*         0x0800bacd        0x1 
 .rodata.memp_num
                0x0800bace       0x1c Middlewares\LwIP\memp.o
 .rodata.memp_sizes
                0x0800baea       0x1c Middlewares\LwIP\memp.o
 *fill*         0x0800bb06        0x2 
 .rodata.ip_addr_broadcast
                0x0800bb08        0x4 Middlewares\LwIP\ip_addr.o
                0x0800bb08                ip_addr_broadcast
 .rodata.ip_addr_any
                0x0800bb0c        0x4 Middlewares\LwIP\ip_addr.o
                0x0800bb0c                ip_addr_any
 .rodata.ethbroadcast
                0x0800bb10        0x6 Middlewares\LwIP\etharp.o
                0x0800bb10                ethbroadcast
 .rodata.ethzero
                0x0800bb16        0x6 Middlewares\LwIP\etharp.o
                0x0800bb16                ethzero
 .rodata.str1.1
                0x0800bb1c        0x5 Middlewares\FreeRTOS\tasks.o
 .rodata.APBAHBPrescTable
                0x0800bb21       0x10 Drivers\STM32F4xx_HAL_Driver\stm32f4xx_hal_rcc.o
                0x0800bb21                APBAHBPrescTable
 .rodata.str1.1
                0x0800bb31       0x4f Application\User\usbd_desc.o
 .rodata.str1.1
                0x0800bb80        0xc Application\User\freertos.o
 .rodata.str1.1
                0x0800bb8c        0x6 Application\User\ethernetif.o
 .rodata.str1.1
                0x0800bb92        0x2 c:/program files (x86)/atollic/truestudio for arm pro 5.3.0/armtools/bin/../lib/gcc/arm-atollic-eabi/4.8.3/../../../../arm-atollic-eabi/lib/armv7e-m/fpu\libc.a(lib_a-impure.o)
                0x0800bb94                . = ALIGN (0x4)

.rel.dyn        0x0800bb94        0x0
 .rel.iplt      0x00000000        0x0 c:/program files (x86)/atollic/truestudio for arm pro 5.3.0/armtools/bin/../lib/gcc/arm-atollic-eabi/4.8.3/armv7e-m/fpu/crtbegin.o

.ARM.extab
 *(.ARM.extab* .gnu.linkonce.armextab.*)

.ARM            0x0800bb94        0x0
                0x0800bb94                __exidx_start = .
 *(.ARM.exidx*)
                0x0800bb94                __exidx_end = .

.preinit_array  0x0800bb94        0x0
                0x0800bb94                PROVIDE (__preinit_array_start, .)
 *(.preinit_array*)
                0x0800bb94                PROVIDE (__preinit_array_end, .)

.init_array     0x0800bb94        0x4
                0x0800bb94                PROVIDE (__init_array_start, .)
 *(SORT(.init_array.*))
 *(.init_array*)
 .init_array    0x0800bb94        0x4 c:/program files (x86)/atollic/truestudio for arm pro 5.3.0/armtools/bin/../lib/gcc/arm-atollic-eabi/4.8.3/armv7e-m/fpu/crtbegin.o
                0x0800bb98                PROVIDE (__init_array_end, .)

.fini_array     0x0800bb98        0x4
                0x0800bb98                PROVIDE (__fini_array_start, .)
 *(SORT(.fini_array.*))
 *(.fini_array*)
 .fini_array    0x0800bb98        0x4 c:/program files (x86)/atollic/truestudio for arm pro 5.3.0/armtools/bin/../lib/gcc/arm-atollic-eabi/4.8.3/armv7e-m/fpu/crtbegin.o
                0x0800bb9c                PROVIDE (__fini_array_end, .)
                0x0800bb9c                _sidata = LOADADDR (.data)

.data           0x20000000      0x674 load address 0x0800bb9c
                0x20000000                . = ALIGN (0x4)
                0x20000000                _sdata = .
 *(.data)
 *(.data*)
 .data.USBD_CDC_CfgFSDesc
                0x20000000       0x44 Middlewares\USB_Device_Library\usbd_cdc.o
                0x20000000                USBD_CDC_CfgFSDesc
 .data.USBD_CDC
                0x20000044       0x3c Middlewares\USB_Device_Library\usbd_cdc.o
                0x20000044                USBD_CDC
 .data.USBD_CDC_DeviceQualifierDesc
                0x20000080        0xc Middlewares\USB_Device_Library\usbd_cdc.o
 .data.USBD_CDC_OtherSpeedCfgDesc
                0x2000008c       0x44 Middlewares\USB_Device_Library\usbd_cdc.o
                0x2000008c                USBD_CDC_OtherSpeedCfgDesc
 .data.USBD_CDC_CfgHSDesc
                0x200000d0       0x44 Middlewares\USB_Device_Library\usbd_cdc.o
                0x200000d0                USBD_CDC_CfgHSDesc
 .data.udp_port
                0x20000114        0x2 Middlewares\LwIP\udp.o
 *fill*         0x20000116        0x2 
 .data.iss.9524
                0x20000118        0x4 Middlewares\LwIP\tcp.o
 .data.xid.9380
                0x2000011c        0x4 Middlewares\LwIP\dhcp.o
 .data.xNextTaskUnblockTime
                0x20000120        0x4 Middlewares\FreeRTOS\tasks.o
 .data.uxCriticalNesting
                0x20000124        0x4 Middlewares\FreeRTOS\port.o
 .data.SystemCoreClock
                0x20000128        0x4 Drivers\CMSIS\system_stm32f4xx.o
                0x20000128                SystemCoreClock
 .data.HS_Desc  0x2000012c       0x1c Application\User\usbd_desc.o
                0x2000012c                HS_Desc
 .data.USBD_LangIDDesc
                0x20000148        0x4 Application\User\usbd_desc.o
                0x20000148                USBD_LangIDDesc
 .data.USBD_HS_DeviceDesc
                0x2000014c       0x14 Application\User\usbd_desc.o
                0x2000014c                USBD_HS_DeviceDesc
 .data.USBD_Interface_fops_HS
                0x20000160       0x10 Application\User\usbd_cdc_if.o
                0x20000160                USBD_Interface_fops_HS
 .data.__malloc_av_
                0x20000170      0x408 c:/program files (x86)/atollic/truestudio for arm pro 5.3.0/armtools/bin/../lib/gcc/arm-atollic-eabi/4.8.3/../../../../arm-atollic-eabi/lib/armv7e-m/fpu\libc.a(lib_a-mallocr.o)
                0x20000170                __malloc_av_
 .data.__malloc_trim_threshold
                0x20000578        0x4 c:/program files (x86)/atollic/truestudio for arm pro 5.3.0/armtools/bin/../lib/gcc/arm-atollic-eabi/4.8.3/../../../../arm-atollic-eabi/lib/armv7e-m/fpu\libc.a(lib_a-mallocr.o)
                0x20000578                __malloc_trim_threshold
 .data.__malloc_sbrk_base
                0x2000057c        0x4 c:/program files (x86)/atollic/truestudio for arm pro 5.3.0/armtools/bin/../lib/gcc/arm-atollic-eabi/4.8.3/../../../../arm-atollic-eabi/lib/armv7e-m/fpu\libc.a(lib_a-mallocr.o)
                0x2000057c                __malloc_sbrk_base
 .data.impure_data
                0x20000580       0xf0 c:/program files (x86)/atollic/truestudio for arm pro 5.3.0/armtools/bin/../lib/gcc/arm-atollic-eabi/4.8.3/../../../../arm-atollic-eabi/lib/armv7e-m/fpu\libc.a(lib_a-impure.o)
 .data._impure_ptr
                0x20000670        0x4 c:/program files (x86)/atollic/truestudio for arm pro 5.3.0/armtools/bin/../lib/gcc/arm-atollic-eabi/4.8.3/../../../../arm-atollic-eabi/lib/armv7e-m/fpu\libc.a(lib_a-impure.o)
                0x20000670                _impure_ptr
                0x20000674                . = ALIGN (0x4)
                0x20000674                _edata = .
                0x0800c210                _siccmram = LOADADDR (.ccmram)

.igot.plt       0x20000674        0x0 load address 0x0800c210
 .igot.plt      0x00000000        0x0 c:/program files (x86)/atollic/truestudio for arm pro 5.3.0/armtools/bin/../lib/gcc/arm-atollic-eabi/4.8.3/armv7e-m/fpu/crtbegin.o

.ccmram         0x10000000        0x0 load address 0x0800c210
                0x10000000                . = ALIGN (0x4)
                0x10000000                _sccmram = .
 *(.ccmram)
 *(.ccmram*)
                0x10000000                . = ALIGN (0x4)
                0x10000000                _eccmram = .
                0x10000000                . = ALIGN (0x4)

.bss            0x20000674     0xb758
                0x20000674                _sbss = .
                0x20000674                __bss_start__ = _sbss
 *(.bss)
 .bss           0x20000674       0x1c c:/program files (x86)/atollic/truestudio for arm pro 5.3.0/armtools/bin/../lib/gcc/arm-atollic-eabi/4.8.3/armv7e-m/fpu/crtbegin.o
 *(.bss*)
 .bss.cfgidx.9370
                0x20000690        0x1 Middlewares\USB_Device_Library\usbd_ctlreq.o
 .bss.ifalt.9365
                0x20000691        0x1 Middlewares\USB_Device_Library\usbd_cdc.o
 *fill*         0x20000692        0x2 
 .bss.mbox      0x20000694        0x4 Middlewares\LwIP\tcpip.o
 .bss.tcpip_init_done_arg
                0x20000698        0x4 Middlewares\LwIP\tcpip.o
 .bss.tcpip_init_done
                0x2000069c        0x4 Middlewares\LwIP\tcpip.o
 .bss.seqno     0x200006a0        0x4 Middlewares\LwIP\tcp_in.o
 .bss.iphdr     0x200006a4        0x4 Middlewares\LwIP\tcp_in.o
 .bss.tcplen    0x200006a8        0x2 Middlewares\LwIP\tcp_in.o
 *fill*         0x200006aa        0x2 
 .bss.ackno     0x200006ac        0x4 Middlewares\LwIP\tcp_in.o
 .bss.flags     0x200006b0        0x1 Middlewares\LwIP\tcp_in.o
 .bss.recv_flags
                0x200006b1        0x1 Middlewares\LwIP\tcp_in.o
 *fill*         0x200006b2        0x2 
 .bss.tcphdr    0x200006b4        0x4 Middlewares\LwIP\tcp_in.o
 .bss.recv_data
                0x200006b8        0x4 Middlewares\LwIP\tcp_in.o
 .bss.inseg     0x200006bc       0x10 Middlewares\LwIP\tcp_in.o
 .bss.tcp_timer
                0x200006cc        0x1 Middlewares\LwIP\tcp.o
 .bss.tcp_timer_ctr
                0x200006cd        0x1 Middlewares\LwIP\tcp.o
 .bss.s_nextthread
                0x200006ce        0x2 Middlewares\LwIP\sys_arch.o
 .bss.raw_pcbs  0x200006d0        0x4 Middlewares\LwIP\raw.o
 .bss.netif_num
                0x200006d4        0x1 Middlewares\LwIP\netif.o
 .bss.memp_memory
                0x200006d5     0x3133 Middlewares\LwIP\memp.o
 .bss.memp_tab  0x20003808       0x38 Middlewares\LwIP\memp.o
 .bss.lfree     0x20003840        0x4 Middlewares\LwIP\mem.o
 .bss.ram_end   0x20003844        0x4 Middlewares\LwIP\mem.o
 .bss.mem_mutex
                0x20003848        0x4 Middlewares\LwIP\mem.o
 .bss.ram       0x2000384c        0x4 Middlewares\LwIP\mem.o
 .bss.tcpip_tcp_timer_active
                0x20003850        0x4 Middlewares\LwIP\lwip_timers.o
 .bss.next_timeout
                0x20003854        0x4 Middlewares\LwIP\lwip_timers.o
 .bss.reassdatagrams
                0x20003858        0x4 Middlewares\LwIP\ip_frag.o
 .bss.ip_reass_pbufcount
                0x2000385c        0x2 Middlewares\LwIP\ip_frag.o
 .bss.ip_id     0x2000385e        0x2 Middlewares\LwIP\ip.o
 .bss.etharp_cached_entry
                0x20003860        0x1 Middlewares\LwIP\etharp.o
 *fill*         0x20003861        0x3 
 .bss.arp_table
                0x20003864       0xc8 Middlewares\LwIP\etharp.o
 .bss.xNumOfOverflows
                0x2000392c        0x4 Middlewares\FreeRTOS\tasks.o
 .bss.pxDelayedTaskList
                0x20003930        0x4 Middlewares\FreeRTOS\tasks.o
 .bss.xSchedulerRunning
                0x20003934        0x4 Middlewares\FreeRTOS\tasks.o
 .bss.uxTasksDeleted
                0x20003938        0x4 Middlewares\FreeRTOS\tasks.o
 .bss.xDelayedTaskList1
                0x2000393c       0x14 Middlewares\FreeRTOS\tasks.o
 .bss.xDelayedTaskList2
                0x20003950       0x14 Middlewares\FreeRTOS\tasks.o
 .bss.uxPendedTicks
                0x20003964        0x4 Middlewares\FreeRTOS\tasks.o
 .bss.pxReadyTasksLists
                0x20003968       0x8c Middlewares\FreeRTOS\tasks.o
 .bss.xTasksWaitingTermination
                0x200039f4       0x14 Middlewares\FreeRTOS\tasks.o
 .bss.pxCurrentTCB
                0x20003a08        0x4 Middlewares\FreeRTOS\tasks.o
                0x20003a08                pxCurrentTCB
 .bss.xPendingReadyList
                0x20003a0c       0x14 Middlewares\FreeRTOS\tasks.o
 .bss.uxSchedulerSuspended
                0x20003a20        0x4 Middlewares\FreeRTOS\tasks.o
 .bss.xTickCount
                0x20003a24        0x4 Middlewares\FreeRTOS\tasks.o
 .bss.pxOverflowDelayedTaskList
                0x20003a28        0x4 Middlewares\FreeRTOS\tasks.o
 .bss.uxTaskNumber
                0x20003a2c        0x4 Middlewares\FreeRTOS\tasks.o
 .bss.uxCurrentNumberOfTasks
                0x20003a30        0x4 Middlewares\FreeRTOS\tasks.o
 .bss.xSuspendedTaskList
                0x20003a34       0x14 Middlewares\FreeRTOS\tasks.o
 .bss.uxTopReadyPriority
                0x20003a48        0x4 Middlewares\FreeRTOS\tasks.o
 .bss.xYieldPending
                0x20003a4c        0x4 Middlewares\FreeRTOS\tasks.o
 .bss.ucMaxSysCallPriority
                0x20003a50        0x1 Middlewares\FreeRTOS\port.o
 *fill*         0x20003a51        0x3 
 .bss.ulMaxPRIGROUPValue
                0x20003a54        0x4 Middlewares\FreeRTOS\port.o
 .bss.xFreeBytesRemaining
                0x20003a58        0x4 Middlewares\FreeRTOS\heap_4.o
 .bss.pxEnd     0x20003a5c        0x4 Middlewares\FreeRTOS\heap_4.o
 .bss.xStart    0x20003a60        0x8 Middlewares\FreeRTOS\heap_4.o
 .bss.ucHeap    0x20003a68     0x3c00 Middlewares\FreeRTOS\heap_4.o
 .bss.xBlockAllocatedBit
                0x20007668        0x4 Middlewares\FreeRTOS\heap_4.o
 .bss.xMinimumEverFreeBytesRemaining
                0x2000766c        0x4 Middlewares\FreeRTOS\heap_4.o
 .bss.uwTick    0x20007670        0x4 Drivers\STM32F4xx_HAL_Driver\stm32f4xx_hal.o
 .bss.s_xSemaphore
                0x20007674        0x4 Application\User\ethernetif.o
                0x20007674                s_xSemaphore
 .bss.__malloc_max_total_mem